******************************************************************************
                  TI ARM Linker PC v18.1.3                     
******************************************************************************
>> Linked Mon Oct 29 21:46:56 2018

OUTPUT FILE NAME:   <Midterm.out>
ENTRY POINT SYMBOL: "_c_int00_noargs"  address: 00001f65


MEMORY CONFIGURATION

         name            origin    length      used     unused   attr    fill
----------------------  --------  ---------  --------  --------  ----  --------
  FLASH                 00000000   00020000  00002304  0001dcfc  R  X
  SRAM                  20000000   00008000  0000020c  00007df4  RW X


SEGMENT ALLOCATION MAP

run origin  load origin   length   init length attrs members
----------  ----------- ---------- ----------- ----- -------
00000000    00000000    00002304   00002304    r-x
  00000000    00000000    0000026c   0000026c    r-- .intvecs
  0000026c    0000026c    00001ef0   00001ef0    r-x .text
  0000215c    0000215c    0000018c   0000018c    r-- .const
  000022e8    000022e8    0000001c   0000001c    r-- .cinit
20000000    20000000    0000020c   00000000    rw-
  20000000    20000000    00000200   00000000    rw- .stack
  20000200    20000200    0000000c   00000000    rw- .data


SECTION ALLOCATION MAP

 output                                  attributes/
section   page    origin      length       input sections
--------  ----  ----------  ----------   ----------------
.intvecs   0    00000000    0000026c     
                  00000000    0000026c     tm4c123ge6pm_startup_ccs.obj (.intvecs)

.text      0    0000026c    00001ef0     
                  0000026c    00000c84     ustdlib.obj (.text)
                  00000ef0    000005a0     Midterm.obj (.text)
                  00001490    0000049c     uartstdio.obj (.text)
                  0000192c    00000132     driverlib.lib : gpio.obj (.text:GPIOPadConfigSet)
                  00001a5e    00000002     rtsv7M4_T_le_v4SPD16_eabi.lib : div0.asm.obj (.text)
                  00001a60    00000110     driverlib.lib : sysctl.obj (.text:SysCtlClockGet)
                  00001b70    000000f4                   : sysctl.obj (.text:SysCtlClockSet)
                  00001c64    0000009c     rtsv7M4_T_le_v4SPD16_eabi.lib : memcpy_t2.asm.obj (.text)
                  00001d00    00000068                                   : copy_decompress_lzss.c.obj (.text:decompress:lzss:__TI_decompress_lzss)
                  00001d68    00000064     driverlib.lib : hibernate.obj (.text:HibernateWakeSet)
                  00001dcc    0000004c                   : i2c.obj (.text:I2CMasterInitExpClk)
                  00001e18    00000048                   : gpio.obj (.text:GPIOPinConfigure)
                  00001e60    00000046                   : uart.obj (.text:UARTConfigSetExpClk)
                  00001ea6    00000002     --HOLE-- [fill = 0]
                  00001ea8    00000044     rtsv7M4_T_le_v4SPD16_eabi.lib : autoinit.c.obj (.text:__TI_auto_init_nobinit_nopinit:__TI_auto_init_nobinit_nopinit)
                  00001eec    00000040                                   : u_divt2.asm.obj (.text)
                  00001f2c    00000038     driverlib.lib : sysctl.obj (.text:SysCtlPeripheralPresent)
                  00001f64    00000038     rtsv7M4_T_le_v4SPD16_eabi.lib : boot_cortex_m.c.obj (.text:_c_int00_noargs:_c_int00_noargs)
                  00001f9c    00000034     driverlib.lib : sysctl.obj (.text:SysCtlPeripheralEnable)
                  00001fd0    0000002c                   : hibernate.obj (.text:HibernateRTCSet)
                  00001ffc    0000002a                   : gpio.obj (.text:GPIODirModeSet)
                  00002026    00000002     --HOLE-- [fill = 0]
                  00002028    00000020                   : uart.obj (.text:UARTDisable)
                  00002048    00000018                   : hibernate.obj (.text:HibernateGPIORetentionEnable)
                  00002060    00000014                   : hibernate.obj (.text:HibernateEnableExpClk)
                  00002074    00000014                   : hibernate.obj (.text:HibernateRTCEnable)
                  00002088    00000014                   : uart.obj (.text:UARTEnable)
                  0000209c    00000012                   : gpio.obj (.text:GPIOPinTypeI2C)
                  000020ae    00000012                   : gpio.obj (.text:GPIOPinTypeI2CSCL)
                  000020c0    00000012                   : gpio.obj (.text:GPIOPinTypeUART)
                  000020d2    00000002     --HOLE-- [fill = 0]
                  000020d4    00000010                   : hibernate.obj (.text:HibernateRTCMatchSet)
                  000020e4    00000010                   : hibernate.obj (.text:_HibernateWriteComplete)
                  000020f4    0000000e     rtsv7M4_T_le_v4SPD16_eabi.lib : copy_decompress_none.c.obj (.text:decompress:none:__TI_decompress_none)
                  00002102    0000000c     tm4c123ge6pm_startup_ccs.obj (.text)
                  0000210e    0000000a     driverlib.lib : i2c.obj (.text:I2CMasterEnable)
                  00002118    0000000a                   : uart.obj (.text:UARTCharGet)
                  00002122    0000000a                   : uart.obj (.text:UARTCharPut)
                  0000212c    00000008                   : i2c.obj (.text:I2CMasterBusy)
                  00002134    00000008                   : i2c.obj (.text:I2CMasterSlaveAddrSet)
                  0000213c    00000006                   : sysctl.obj (.text:SysCtlDelay)
                  00002142    00000006                   : uart.obj (.text:UARTClockSourceSet)
                  00002148    00000004                   : i2c.obj (.text:I2CMasterControl)
                  0000214c    00000004                   : i2c.obj (.text:I2CMasterDataGet)
                  00002150    00000004                   : i2c.obj (.text:I2CMasterDataPut)
                  00002154    00000004     rtsv7M4_T_le_v4SPD16_eabi.lib : pre_init.c.obj (.text:_system_pre_init)
                  00002158    00000004                                   : exit.c.obj (.text:abort:abort)

.const     0    0000215c    0000018c     
                  0000215c    00000090     driverlib.lib : gpio.obj (.const:g_pui32GPIOBaseAddrs)
                  000021ec    0000006c                   : sysctl.obj (.const:g_pui32Xtals)
                  00002258    00000030     ustdlib.obj (.const:g_psDaysToMonth)
                  00002288    00000018     ustdlib.obj (.const:g_pfExponents)
                  000022a0    00000012     uartstdio.obj (.const:.string)
                  000022b2    00000002     --HOLE-- [fill = 0]
                  000022b4    00000012     ustdlib.obj (.const:.string)
                  000022c6    00000002     --HOLE-- [fill = 0]
                  000022c8    0000000c     uartstdio.obj (.const:g_ui32UARTBase)
                  000022d4    0000000c     uartstdio.obj (.const:g_ui32UARTPeriph)
                  000022e0    00000004     uartstdio.obj (.const)
                  000022e4    00000004     ustdlib.obj (.const)

.cinit     0    000022e8    0000001c     
                  000022e8    0000000a     (.cinit..data.load) [load image, compression = lzss]
                  000022f2    00000002     --HOLE-- [fill = 0]
                  000022f4    00000008     (__TI_handler_table)
                  000022fc    00000008     (__TI_cinit_table)

.init_array 
*          0    00000000    00000000     UNINITIALIZED

.data      0    20000200    0000000c     UNINITIALIZED
                  20000200    00000005     uartstdio.obj (.data)
                  20000205    00000003     --HOLE--
                  20000208    00000004     ustdlib.obj (.data)

.stack     0    20000000    00000200     UNINITIALIZED
                  20000000    00000004     rtsv7M4_T_le_v4SPD16_eabi.lib : boot_cortex_m.c.obj (.stack)
                  20000004    000001fc     --HOLE--

MODULE SUMMARY

       Module                         code   ro data   rw data
       ------                         ----   -------   -------
    .\
       ustdlib.obj                    3204   94        4      
       Midterm.obj                    1440   0         0      
       uartstdio.obj                  1180   46        5      
       tm4c123ge6pm_startup_ccs.obj   12     620       0      
    +--+------------------------------+------+---------+---------+
       Total:                         5836   760       9      
                                                              
    C:/ti/tivaware_c_series_2_1_4_178/driverlib/ccs/Debug/driverlib.lib
       sysctl.obj                     630    108       0      
       gpio.obj                       474    144       0      
       hibernate.obj                  240    0         0      
       uart.obj                       148    0         0      
       i2c.obj                        114    0         0      
    +--+------------------------------+------+---------+---------+
       Total:                         1606   252       0      
                                                              
    C:\ti\ccsv8\tools\compiler\ti-cgt-arm_18.1.3.LTS\lib\rtsv7M4_T_le_v4SPD16_eabi.lib
       memcpy_t2.asm.obj              156    0         0      
       copy_decompress_lzss.c.obj     104    0         0      
       autoinit.c.obj                 68     0         0      
       u_divt2.asm.obj                64     0         0      
       boot_cortex_m.c.obj            56     0         0      
       copy_decompress_none.c.obj     14     0         0      
       exit.c.obj                     4      0         0      
       pre_init.c.obj                 4      0         0      
       div0.asm.obj                   2      0         0      
    +--+------------------------------+------+---------+---------+
       Total:                         472    0         0      
                                                              
       Stack:                         0      0         512    
       Linker Generated:              0      26        0      
    +--+------------------------------+------+---------+---------+
       Grand Total:                   7914   1038      521    


LINKER GENERATED COPY TABLES

__TI_cinit_table @ 000022fc records: 1, size/record: 8, table size: 8
	.data: load addr=000022e8, load size=0000000a bytes, run addr=20000200, run size=0000000c bytes, compression=lzss


LINKER GENERATED HANDLER TABLE

__TI_handler_table @ 000022f4 records: 2, size/record: 4, table size: 8
	index: 0, handler: __TI_decompress_lzss
	index: 1, handler: __TI_decompress_none


GLOBAL SYMBOLS: SORTED ALPHABETICALLY BY Name 

address   name                          
-------   ----                          
00002159  C$$EXIT                       
00000ef1  ConfigureUART                 
00001239  ESP_Init                      
00001ffd  GPIODirModeSet                
0000192d  GPIOPadConfigSet              
00001e19  GPIOPinConfigure              
0000209d  GPIOPinTypeI2C                
000020af  GPIOPinTypeI2CSCL             
000020c1  GPIOPinTypeUART               
0000111f  GetLuminosity                 
00002061  HibernateEnableExpClk         
00002049  HibernateGPIORetentionEnable  
00002075  HibernateRTCEnable            
000020d5  HibernateRTCMatchSet          
00001fd1  HibernateRTCSet               
00001d69  HibernateWakeSet              
00000f2b  I2C0_Init                     
0000107b  I2C0_Read                     
00000f6f  I2C0_Write                    
0000212d  I2CMasterBusy                 
00002149  I2CMasterControl              
0000214d  I2CMasterDataGet              
00002151  I2CMasterDataPut              
0000210f  I2CMasterEnable               
00001dcd  I2CMasterInitExpClk           
00002135  I2CMasterSlaveAddrSet         
00002103  ResetISR                      
00001a61  SysCtlClockGet                
00001b71  SysCtlClockSet                
0000213d  SysCtlDelay                   
00001f9d  SysCtlPeripheralEnable        
00001f2d  SysCtlPeripheralPresent       
000010f1  TSL2591_init                  
00002119  UARTCharGet                   
00002123  UARTCharPut                   
00002143  UARTClockSourceSet            
00001e61  UARTConfigSetExpClk           
00002029  UARTDisable                   
00002089  UARTEnable                    
00001491  UARTStdioConfig               
000015d7  UARTgetc                      
0000151d  UARTgets                      
000018f7  UARTprintf                    
000015fd  UARTvprintf                   
000014d7  UARTwrite                     
20000200  __STACK_END                   
00000200  __STACK_SIZE                  
20000200  __STACK_TOP                   
000022fc  __TI_CINIT_Base               
00002304  __TI_CINIT_Limit              
000022f4  __TI_Handler_Table_Base       
000022fc  __TI_Handler_Table_Limit      
00001ea9  __TI_auto_init_nobinit_nopinit
00001d01  __TI_decompress_lzss          
000020f5  __TI_decompress_none          
ffffffff  __TI_pprof_out_hndl           
ffffffff  __TI_prof_data_size           
ffffffff  __TI_prof_data_start          
00000000  __TI_static_base__            
00001a5f  __aeabi_idiv0                 
00001a5f  __aeabi_ldiv0                 
00001c65  __aeabi_memcpy                
00001c65  __aeabi_memcpy4               
00001c65  __aeabi_memcpy8               
00001eed  __aeabi_uidiv                 
00001eed  __aeabi_uidivmod              
ffffffff  __binit__                     
ffffffff  __c_args__                    
UNDEFED   __mpu_init                    
20000000  __stack                       
00001f65  _c_int00_noargs               
UNDEFED   _system_post_cinit            
00002155  _system_pre_init              
00002159  abort                         
ffffffff  binit                         
00000000  g_pfnVectors                  
00001265  main                          
00001c65  memcpy                        
00000751  ulocaltime                    
0000094f  umktime                       
00000ec9  urand                         
00000721  usnprintf                     
000006ef  usprintf                      
00000eb9  usrand                        
00000e31  ustrcasecmp                   
00000ea5  ustrcmp                       
00000d35  ustrlen                       
00000d8d  ustrncasecmp                  
00000e45  ustrncmp                      
0000026d  ustrncpy                      
00000d57  ustrstr                       
00000afd  ustrtof                       
000009c5  ustrtoul                      
000002c5  uvsnprintf                    


GLOBAL SYMBOLS: SORTED BY Symbol Address 

address   name                          
-------   ----                          
00000000  __TI_static_base__            
00000000  g_pfnVectors                  
00000200  __STACK_SIZE                  
0000026d  ustrncpy                      
000002c5  uvsnprintf                    
000006ef  usprintf                      
00000721  usnprintf                     
00000751  ulocaltime                    
0000094f  umktime                       
000009c5  ustrtoul                      
00000afd  ustrtof                       
00000d35  ustrlen                       
00000d57  ustrstr                       
00000d8d  ustrncasecmp                  
00000e31  ustrcasecmp                   
00000e45  ustrncmp                      
00000ea5  ustrcmp                       
00000eb9  usrand                        
00000ec9  urand                         
00000ef1  ConfigureUART                 
00000f2b  I2C0_Init                     
00000f6f  I2C0_Write                    
0000107b  I2C0_Read                     
000010f1  TSL2591_init                  
0000111f  GetLuminosity                 
00001239  ESP_Init                      
00001265  main                          
00001491  UARTStdioConfig               
000014d7  UARTwrite                     
0000151d  UARTgets                      
000015d7  UARTgetc                      
000015fd  UARTvprintf                   
000018f7  UARTprintf                    
0000192d  GPIOPadConfigSet              
00001a5f  __aeabi_idiv0                 
00001a5f  __aeabi_ldiv0                 
00001a61  SysCtlClockGet                
00001b71  SysCtlClockSet                
00001c65  __aeabi_memcpy                
00001c65  __aeabi_memcpy4               
00001c65  __aeabi_memcpy8               
00001c65  memcpy                        
00001d01  __TI_decompress_lzss          
00001d69  HibernateWakeSet              
00001dcd  I2CMasterInitExpClk           
00001e19  GPIOPinConfigure              
00001e61  UARTConfigSetExpClk           
00001ea9  __TI_auto_init_nobinit_nopinit
00001eed  __aeabi_uidiv                 
00001eed  __aeabi_uidivmod              
00001f2d  SysCtlPeripheralPresent       
00001f65  _c_int00_noargs               
00001f9d  SysCtlPeripheralEnable        
00001fd1  HibernateRTCSet               
00001ffd  GPIODirModeSet                
00002029  UARTDisable                   
00002049  HibernateGPIORetentionEnable  
00002061  HibernateEnableExpClk         
00002075  HibernateRTCEnable            
00002089  UARTEnable                    
0000209d  GPIOPinTypeI2C                
000020af  GPIOPinTypeI2CSCL             
000020c1  GPIOPinTypeUART               
000020d5  HibernateRTCMatchSet          
000020f5  __TI_decompress_none          
00002103  ResetISR                      
0000210f  I2CMasterEnable               
00002119  UARTCharGet                   
00002123  UARTCharPut                   
0000212d  I2CMasterBusy                 
00002135  I2CMasterSlaveAddrSet         
0000213d  SysCtlDelay                   
00002143  UARTClockSourceSet            
00002149  I2CMasterControl              
0000214d  I2CMasterDataGet              
00002151  I2CMasterDataPut              
00002155  _system_pre_init              
00002159  C$$EXIT                       
00002159  abort                         
000022f4  __TI_Handler_Table_Base       
000022fc  __TI_CINIT_Base               
000022fc  __TI_Handler_Table_Limit      
00002304  __TI_CINIT_Limit              
20000000  __stack                       
20000200  __STACK_END                   
20000200  __STACK_TOP                   
ffffffff  __TI_pprof_out_hndl           
ffffffff  __TI_prof_data_size           
ffffffff  __TI_prof_data_start          
ffffffff  __binit__                     
ffffffff  __c_args__                    
ffffffff  binit                         
UNDEFED   __mpu_init                    
UNDEFED   _system_post_cinit            

[94 symbols]
