******************************************************************************
                  TI ARM Linker PC v18.1.3                     
******************************************************************************
>> Linked Wed Dec 12 16:54:53 2018

OUTPUT FILE NAME:   <empty_EK_TM4C123GXL_TI.out>
ENTRY POINT SYMBOL: "_c_int00"  address: 00003659


MEMORY CONFIGURATION

         name            origin    length      used     unused   attr    fill
----------------------  --------  ---------  --------  --------  ----  --------
  FLASH                 00000000   00040000  000066c9  00039937  R  X
  SRAM                  20000000   00008000  00001218  00006de8  RW X


SEGMENT ALLOCATION MAP

run origin  load origin   length   init length attrs members
----------  ----------- ---------- ----------- ----- -------
00000000    00000000    000066d0   000066d0    r-x
  00000000    00000000    0000003c   0000003c    r-- .resetVecs
  00000040    00000040    00004aca   00004aca    r-x .text
  00004b0c    00004b0c    000019f3   000019f3    r-- .const
  00006500    00006500    000001d0   000001d0    r-- .cinit
20000000    20000000    00001218   00000000    rw-
  20000000    20000000    00000360   00000000    rw- .vecs
  20000360    20000360    00000708   00000000    rw- .bss
  20000a68    20000a68    00000400   00000000    rw- .stack
  20000e68    20000e68    000003b0   00000000    rw- .data


SECTION ALLOCATION MAP

 output                                  attributes/
section   page    origin      length       input sections
--------  ----  ----------  ----------   ----------------
.text      0    00000040    00004aca     
                  00000040    00000430     sysbios.aem4f : BIOS.obj (.text:ti_sysbios_family_arm_m3_Hwi_excDumpRegs__I)
                  00000470    0000034c     ti.targets.arm.rtsarm.aem4f : System.oem4f (.text:xdc_runtime_System_doPrint__I)
                  000007bc    00000004     rtsv7M4_T_le_v4SPD16_eabi.lib : exit.c.obj (.text:abort:abort)
                  000007c0    000002ec     sysbios.aem4f : BIOS.obj (.text:ti_sysbios_knl_Semaphore_pend__E)
                  00000aac    00000004     empty_pem4f.oem4f (.text:malloc)
                  00000ab0    000001fc     sysbios.aem4f : BIOS.obj (.text:ti_sysbios_family_arm_m3_Hwi_excHandlerMax__I)
                  00000cac    00000004     empty_pem4f.oem4f (.text:ti_sysbios_BIOS_RtsGateProxy_enter__E)
                  00000cb0    00000174     sysbios.aem4f : BIOS.obj (.text:ti_sysbios_family_arm_m3_Hwi_excBusFault__I)
                  00000e24    00000004     empty_pem4f.oem4f (.text:ti_sysbios_BIOS_RtsGateProxy_leave__E)
                  00000e28    00000168     sysbios.aem4f : BIOS.obj (.text:ti_sysbios_family_arm_lm4_Timer_start__E)
                  00000f90    00000164                   : BIOS.obj (.text:ti_sysbios_family_arm_m3_Hwi_excUsageFault__I)
                  000010f4    00000004                   : BIOS.obj (.text:ti_sysbios_family_arm_lm4_Timer_masterEnable__I)
                  000010f8    00000148                   : BIOS.obj (.text:ti_sysbios_family_arm_m3_Hwi_excMemFault__I)
                  00001240    00000144     ti.targets.arm.rtsarm.aem4f : HeapStd.oem4f (.text:xdc_runtime_HeapStd_alloc__E)
                  00001384    00000004     empty_pem4f.oem4f (.text:ti_sysbios_family_arm_m3_TaskSupport_Module__startupDone__S)
                  00001388    00000140     sysbios.aem4f : BIOS.obj (.text:ti_sysbios_knl_Semaphore_post__E)
                  000014c8    0000013c                   : BIOS.obj (.text:ti_sysbios_knl_Clock_workFunc__E)
                  00001604    00000004     empty_pem4f.oem4f (.text:ti_sysbios_knl_Clock_TimerProxy_getMaxTicks__E)
                  00001608    00000138     sysbios.aem4f : BIOS.obj (.text:ti_sysbios_family_arm_m3_Hwi_dispatchC__I)
                  00001740    00000130     driverlib.lib : gpio.obj (.text:GPIOPadConfigSet)
                  00001870    0000011c     sysbios.aem4f : BIOS.obj (.text:ti_sysbios_knl_Swi_run__I)
                  0000198c    00000118     ti.targets.arm.rtsarm.aem4f : Error.oem4f (.text:xdc_runtime_Error_policyDefault__E)
                  00001aa4    00000100     Boot.aem4f : Boot_sysctl.oem4f (.text:ti_catalog_arm_cortexm4_tiva_ce_Boot_sysCtlClockSetI__I)
                  00001ba4    00000100     ti.targets.arm.rtsarm.aem4f : Core-mem.oem4f (.text:xdc_runtime_Core_createObject__I)
                  00001ca4    000000f8                                 : Startup.oem4f (.text:xdc_runtime_Startup_startMods__I)
                  00001d9c    000000f8     empty_pem4f.oem4f (.text:xdc_runtime_System_printfExtend__I)
                  00001e94    000000f4     sysbios.aem4f : m3_Hwi_asm.obj (.text:ti_sysbios_family_arm_m3_Hwi_dispatch__I)
                  00001f88    000000f0     driverlib.lib : sysctl.obj (.text:SysCtlClockSet)
                  00002078    000000cc     sysbios.aem4f : BIOS.obj (.text:ti_sysbios_knl_Task_schedule__I)
                  00002144    000000cc     ti.targets.arm.rtsarm.aem4f : Core-smem.oem4f (.text:xdc_runtime_Core_constructObject__I)
                  00002210    000000cc                                 : HeapStd.oem4f (.text:xdc_runtime_HeapStd_Instance_init__E)
                  000022dc    00000004     empty_pem4f.oem4f (.text:ti_sysbios_knl_Queue_destruct)
                  000022e0    000000bc     sysbios.aem4f : BIOS.obj (.text:ti_sysbios_family_arm_m3_Hwi_excDebugMon__I)
                  0000239c    00000004     empty_pem4f.oem4f (.text:ti_sysbios_knl_Semaphore_destruct)
                  000023a0    000000bc     sysbios.aem4f : BIOS.obj (.text:ti_sysbios_family_arm_m3_Hwi_excHardFault__I)
                  0000245c    00000004     ti.targets.arm.rtsarm.aem4f : Error.oem4f (.text:xdc_runtime_Error_getSite__E)
                  00002460    000000bc     sysbios.aem4f : BIOS.obj (.text:ti_sysbios_knl_Task_startCore__E)
                  0000251c    00000004     ti.targets.arm.rtsarm.aem4f : HeapStd.oem4f (.text:xdc_runtime_HeapStd_isBlocking__E)
                  00002520    000000b4     sysbios.aem4f : BIOS.obj (.text:ti_sysbios_gates_GateMutex_enter__E)
                  000025d4    00000004     empty_pem4f.oem4f (.text:xdc_runtime_System_Module_GateProxy_enter__E)
                  000025d8    000000b4     sysbios.aem4f : BIOS.obj (.text:ti_sysbios_knl_Task_checkStacks__E)
                  0000268c    00000004     empty_pem4f.oem4f (.text:xdc_runtime_System_Module_GateProxy_leave__E)
                  00002690    000000ac     sysbios.aem4f : BIOS.obj (.text:ti_sysbios_family_arm_lm4_Timer_enableTiva__I)
                  0000273c    00000004     ti.targets.arm.rtsarm.aem4f : System.oem4f (.text:xdc_runtime_System_aprintf_va__F)
                  00002740    000000ac     sysbios.aem4f : BIOS.obj (.text:ti_sysbios_knl_Swi_post__E)
                  000027ec    00000004     ti.targets.arm.rtsarm.aem4f : System.oem4f (.text:xdc_runtime_System_printf_va__F)
                  000027f0    000000a8     sysbios.aem4f : BIOS.obj (.text:ti_sysbios_family_arm_lm4_Timer_enableTimers__I)
                  00002898    000000a8                   : BIOS.obj (.text:ti_sysbios_knl_Task_blockI__E)
                  00002940    000000a8                   : BIOS.obj (.text:ti_sysbios_knl_Task_postInit__I)
                  000029e8    000000a8     ti.targets.arm.rtsarm.aem4f : HeapStd.oem4f (.text:xdc_runtime_HeapStd_free__E)
                  00002a90    000000a0     auto_init.aem4f : auto_init.oem4f (.text)
                  00002b30    000000a0     ti.targets.arm.rtsarm.aem4f : Text.oem4f (.text:xdc_runtime_Text_putMod__E)
                  00002bd0    0000009c     rtsv7M4_T_le_v4SPD16_eabi.lib : memcpy_t2.asm.obj (.text)
                  00002c6c    00000002                                   : _lock.c.obj (.text:_nop)
                  00002c6e    00000002     empty_pem4f.oem4f (.text:free)
                  00002c70    0000009c     sysbios.aem4f : BIOS.obj (.text:ti_sysbios_knl_Semaphore_Instance_init__E)
                  00002d0c    0000009a     ti.targets.arm.rtsarm.aem4f : Text.oem4f (.text:xdc_runtime_Text_putSite__E)
                  00002da6    00000002     rtsv7M4_T_le_v4SPD16_eabi.lib : div0.asm.obj (.text)
                  00002da8    00000098     Boot.aem4f : Boot.oem4f (.text:ti_catalog_arm_cortexm4_tiva_ce_Boot_sysCtlClockSet__E)
                  00002e40    00000094     sysbios.aem4f : BIOS.obj (.text:ti_sysbios_family_arm_m3_Hwi_initNVIC__E)
                  00002ed4    00000002     empty_pem4f.oem4f (.text:ti_sysbios_BIOS_nullFunc__I)
                  00002ed6    00000002     empty_pem4f.oem4f (.text:xdc_runtime_Startup_reset__I)
                  00002ed8    00000094     sysbios.aem4f : BIOS.obj (.text:ti_sysbios_knl_Task_exit__E)
                  00002f6c    00000004     --HOLE-- [fill = 0]
                  00002f70    00000090                   : BIOS.obj (.text:ti_sysbios_knl_Task_unblockI__E)
                  00003000    0000008c                   : m3_TaskSupport_asm.obj (.text:ti_sysbios_family_arm_m3_TaskSupport_buildTaskStack)
                  0000308c    00000004     --HOLE-- [fill = 0]
                  00003090    00000084                   : BIOS.obj (.text:ti_sysbios_family_arm_m3_Hwi_postInit__I)
                  00003114    0000007a     rtsv7M4_T_le_v4SPD16_eabi.lib : memset_t2.asm.obj (.text)
                  0000318e    00000002     --HOLE-- [fill = 0]
                  00003190    0000006d     ti.targets.arm.rtsarm.aem4f : System.oem4f (.text:xdc_runtime_System_formatNum__I)
                  000031fd    00000003     --HOLE-- [fill = 0]
                  00003200    0000006c     sysbios.aem4f : BIOS.obj (.text:ti_sysbios_knl_Swi_restoreHwi__E)
                  0000326c    0000006c     ti.targets.arm.rtsarm.aem4f : Error.oem4f (.text:xdc_runtime_Error_print__E)
                  000032d8    0000006c                                 : Memory.oem4f (.text:xdc_runtime_Memory_alloc__E)
                  00003344    00000068     rtsv7M4_T_le_v4SPD16_eabi.lib : copy_decompress_lzss.c.obj (.text:decompress:lzss:__TI_decompress_lzss)
                  000033ac    00000066     ti.targets.arm.rtsarm.aem4f : Core-mem.oem4f (.text:xdc_runtime_Core_deleteObject__I)
                  00003412    00000006     driverlib.lib : gpio.obj (.text:GPIOPinWrite)
                  00003418    00000064     sysbios.aem4f : BIOS.obj (.text:ti_sysbios_family_arm_lm4_Timer_Module_startup__E)
                  0000347c    00000004     --HOLE-- [fill = 0]
                  00003480    00000060                   : BIOS.obj (.text:ti_sysbios_family_arm_lm4_Timer_isrStub__E)
                  000034e0    00000060                   : BIOS.obj (.text:ti_sysbios_knl_Clock_logTick__E)
                  00003540    0000005c                   : BIOS.obj (.text:ti_sysbios_knl_Swi_schedule__I)
                  0000359c    00000004     --HOLE-- [fill = 0]
                  000035a0    0000005c                   : BIOS.obj (.text:ti_sysbios_knl_Task_Module_startup__E)
                  000035fc    0000005b     ti.targets.arm.rtsarm.aem4f : Text.oem4f (.text:xdc_runtime_Text_putLab__E)
                  00003657    00000001     --HOLE-- [fill = 0]
                  00003658    00000058     boot.aem4f : boot.oem4f (.text)
                  000036b0    00000058     rtsv7M4_T_le_v4SPD16_eabi.lib : hostwrite.c.obj (.text:HOSTwrite)
                  00003708    00000058     sysbios.aem4f : m3_Hwi_asm_switch.obj (.text:ti_sysbios_family_arm_m3_Hwi_initStacks__E)
                  00003760    00000058     empty_pem4f.oem4f (.text:xdc_runtime_HeapStd_Object__create__S)
                  000037b8    00000054     ti.targets.arm.rtsarm.aem4f : Assert.oem4f (.text:xdc_runtime_Assert_raise__I)
                  0000380c    00000004     --HOLE-- [fill = 0]
                  00003810    00000050     sysbios.aem4f : BIOS.obj (.text:ti_sysbios_family_arm_m3_Hwi_Module_startup__E)
                  00003860    00000050     ti.targets.arm.rtsarm.aem4f : Startup.oem4f (.text:xdc_runtime_Startup_exec__E)
                  000038b0    00000050                                 : Text.oem4f (.text:xdc_runtime_Text_visitRope2__I)
                  00003900    0000004c     rtsv7M4_T_le_v4SPD16_eabi.lib : cpy_tbl.c.obj (.text:copy_in)
                  0000394c    00000004     --HOLE-- [fill = 0]
                  00003950    0000004c     sysbios.aem4f : BIOS.obj (.text:ti_sysbios_knl_Swi_runLoop__I)
                  0000399c    00000004     --HOLE-- [fill = 0]
                  000039a0    0000004c                   : BIOS.obj (.text:ti_sysbios_knl_Task_allBlockedFunction__I)
                  000039ec    00000004     --HOLE-- [fill = 0]
                  000039f0    00000048                   : BIOS.obj (.text:ti_sysbios_family_arm_m3_Hwi_disableInterrupt__E)
                  00003a38    00000048                   : BIOS.obj (.text:ti_sysbios_family_arm_m3_Hwi_enableInterrupt__E)
                  00003a80    00000048                   : BIOS.obj (.text:ti_sysbios_family_arm_m3_Hwi_excReserved__I)
                  00003ac8    00000046     ti.targets.arm.rtsarm.aem4f : Core-params.oem4f (.text:xdc_runtime_Core_assignParams__I)
                  00003b0e    00000002     --HOLE-- [fill = 0]
                  00003b10    00000044     sysbios.aem4f : BIOS.obj (.text:ti_sysbios_family_arm_lm4_Timer_stop__E)
                  00003b54    00000004     --HOLE-- [fill = 0]
                  00003b58    00000044                   : BIOS.obj (.text:ti_sysbios_family_arm_m3_Hwi_getStackInfo__E)
                  00003b9c    00000044     ti.targets.arm.rtsarm.aem4f : Error.oem4f (.text:xdc_runtime_Error_setX__E)
                  00003be0    00000044                                 : SysMin.oem4f (.text:xdc_runtime_SysMin_flush__E)
                  00003c24    00000044                                 : Text.oem4f (.text:xdc_runtime_Text_xprintf__I)
                  00003c68    00000040     rtsv7M4_T_le_v4SPD16_eabi.lib : u_divt2.asm.obj (.text)
                  00003ca8    00000040     sysbios.aem4f : BIOS.obj (.text:ti_sysbios_family_arm_lm4_Timer_startup__E)
                  00003ce8    0000003c                   : BIOS.obj (.text:ti_sysbios_family_arm_m3_Hwi_excSvCall__I)
                  00003d24    00000004     --HOLE-- [fill = 0]
                  00003d28    0000003c                   : BIOS.obj (.text:ti_sysbios_knl_Swi_restore__E)
                  00003d64    00000038     rtsv7M4_T_le_v4SPD16_eabi.lib : trgmsg.c.obj (.text:__TI_writemsg)
                  00003d9c    00000004     --HOLE-- [fill = 0]
                  00003da0    00000038     sysbios.aem4f : BIOS.obj (.text:ti_sysbios_family_arm_m3_Hwi_excNoIsr__I)
                  00003dd8    00000038                   : BIOS.obj (.text:ti_sysbios_knl_Task_processVitalTaskFlag__I)
                  00003e10    00000038     ti.targets.arm.rtsarm.aem4f : SysMin.oem4f (.text:xdc_runtime_SysMin_putch__E)
                  00003e48    00000038                                 : System.oem4f (.text:xdc_runtime_System_atexit__E)
                  00003e80    00000034     driverlib.lib : sysctl.obj (.text:SysCtlPeripheralEnable)
                  00003eb4    00000034     rtsv7M4_T_le_v4SPD16_eabi.lib : trgmsg.c.obj (.text:__TI_readmsg)
                  00003ee8    00000034     sysbios.aem4f : BIOS.obj (.text:ti_sysbios_family_arm_m3_Hwi_excNmi__I)
                  00003f1c    00000004     --HOLE-- [fill = 0]
                  00003f20    00000034                   : BIOS.obj (.text:ti_sysbios_hal_Hwi_checkStack)
                  00003f54    00000034     ti.targets.arm.rtsarm.aem4f : Core-label.oem4f (.text:xdc_runtime_Core_assignLabel__I)
                  00003f88    00000033                                 : Text.oem4f (.text:xdc_runtime_Text_printVisFxn__I)
                  00003fbb    00000005     --HOLE-- [fill = 0]
                  00003fc0    00000032     sysbios.aem4f : BIOS.obj (.text:ti_sysbios_hal_Hwi_initStack)
                  00003ff2    00000006     driverlib.lib : sysctl.obj (.text:SysCtlDelay)
                  00003ff8    00000032     sysbios.aem4f : BIOS.obj (.text:ti_sysbios_knl_Semaphore_pendTimeout__I)
                  0000402a    00000002     --HOLE-- [fill = 0]
                  0000402c    00000030     empty.obj (.text:hardware_init)
                  0000405c    00000030     empty_pem4f.oem4f (.text:ti_sysbios_BIOS_atExitFunc__I)
                  0000408c    00000004     --HOLE-- [fill = 0]
                  00004090    00000030     sysbios.aem4f : BIOS.obj (.text:ti_sysbios_family_arm_m3_TaskSupport_start__E)
                  000040c0    00000030     empty_pem4f.oem4f (.text:ti_sysbios_gates_GateHwi_Object__create__S)
                  000040f0    00000030     empty_pem4f.oem4f (.text:ti_sysbios_gates_GateMutex_Object__create__S)
                  00004120    00000030     empty_pem4f.oem4f (.text:ti_sysbios_knl_Semaphore_construct)
                  00004150    00000030     ti.targets.arm.rtsarm.aem4f : SysMin.oem4f (.text:xdc_runtime_SysMin_abort__E)
                  00004180    00000030                                 : System.oem4f (.text:xdc_runtime_System_processAtExit__E)
                  000041b0    0000002c     empty_pem4f.oem4f (.text:ti_sysbios_knl_Clock_doTick__I)
                  000041dc    0000002c     empty_pem4f.oem4f (.text:ti_sysbios_knl_Queue_construct)
                  00004208    0000002c     sysbios.aem4f : BIOS.obj (.text:ti_sysbios_knl_Task_restore__E)
                  00004234    0000002c     ti.targets.arm.rtsarm.aem4f : Text.oem4f (.text:xdc_runtime_Text_cordText__E)
                  00004260    0000002a     driverlib.lib : gpio.obj (.text:GPIODirModeSet)
                  0000428a    0000002a     ti.targets.arm.rtsarm.aem4f : System.oem4f (.text:xdc_runtime_System_putchar__I)
                  000042b4    00000004     --HOLE-- [fill = 0]
                  000042b8    00000028     sysbios.aem4f : BIOS.obj (.text:ti_sysbios_knl_Swi_Module_startup__E)
                  000042e0    00000026                   : m3_Hwi_asm.obj (.text:ti_sysbios_family_arm_m3_Hwi_pendSV__I)
                  00004306    00000026     ti.targets.arm.rtsarm.aem4f : System.oem4f (.text:xdc_runtime_System_avprintf__E)
                  0000432c    00000024     empty_pem4f.oem4f (.text:ti_sysbios_BIOS_errorRaiseHook__I)
                  00004350    00000024     empty_pem4f.oem4f (.text:ti_sysbios_BIOS_registerRTSLock__I)
                  00004374    00000024     empty_pem4f.oem4f (.text:ti_sysbios_BIOS_removeRTSLock__I)
                  00004398    00000024     empty_pem4f.oem4f (.text:ti_sysbios_BIOS_startFunc__I)
                  000043bc    00000004     --HOLE-- [fill = 0]
                  000043c0    00000024     sysbios.aem4f : BIOS.obj (.text:ti_sysbios_family_arm_m3_Hwi_doTaskRestore__I)
                  000043e4    00000024     empty_pem4f.oem4f (.text:ti_sysbios_gates_GateMutex_Object__delete__S)
                  00004408    00000024     sysbios.aem4f : BIOS.obj (.text:ti_sysbios_knl_Clock_Module_startup__E)
                  0000442c    00000024     ti.targets.arm.rtsarm.aem4f : System.oem4f (.text:xdc_runtime_System_vprintf__E)
                  00004450    00000022     sysbios.aem4f : BIOS.obj (.text:ti_sysbios_family_arm_lm4_Timer_write__I)
                  00004472    00000022     empty_pem4f.oem4f (.text:xdc_runtime_SysMin_output__I)
                  00004494    00000020     empty_pem4f.oem4f (.text:ti_sysbios_BIOS_rtsLock__I)
                  000044b4    00000020     sysbios.aem4f : m3_Hwi_asm.obj (.text:ti_sysbios_family_arm_m3_Hwi_excHandlerAsm__I)
                  000044d4    00000004     --HOLE-- [fill = 0]
                  000044d8    00000020                   : BIOS.obj (.text:ti_sysbios_family_arm_m3_Hwi_excHandler__I)
                  000044f8    00000020     empty_pem4f.oem4f (.text:ti_sysbios_gates_GateHwi_Object__delete__S)
                  00004518    00000020     sysbios.aem4f : BIOS.obj (.text:ti_sysbios_knl_Idle_run__E)
                  00004538    00000020     empty_pem4f.oem4f (.text:ti_sysbios_knl_Semaphore_Object__destruct__S)
                  00004558    00000020     ti.targets.arm.rtsarm.aem4f : Registry.oem4f (.text:xdc_runtime_Registry_findById__E)
                  00004578    00000020                                 : SysMin.oem4f (.text:xdc_runtime_SysMin_Module_startup__E)
                  00004598    0000001e     sysbios.aem4f : m3_Hwi_asm_switch.obj (.text:ti_sysbios_family_xxx_Hwi_switchAndRunFunc)
                  000045b6    00000002     --HOLE-- [fill = 0]
                  000045b8    0000001c                   : BIOS.obj (.text:ti_sysbios_gates_GateMutex_Instance_init__E)
                  000045d4    0000001c     empty_pem4f.oem4f (.text:ti_sysbios_knl_Queue_Object__destruct__S)
                  000045f0    0000001c     sysbios.aem4f : BIOS.obj (.text:ti_sysbios_knl_Task_enter__I)
                  0000460c    0000001c     ti.targets.arm.rtsarm.aem4f : Error.oem4f (.text:xdc_runtime_Error_raiseX__E)
                  00004628    0000001c     empty_pem4f.oem4f (.text:xdc_runtime_HeapStd_Object__delete__S)
                  00004644    0000001c     ti.targets.arm.rtsarm.aem4f : Memory.oem4f (.text:xdc_runtime_Memory_valloc__E)
                  00004660    0000001c                                 : SysMin.oem4f (.text:xdc_runtime_SysMin_exit__E)
                  0000467c    0000001c                                 : System.oem4f (.text:xdc_runtime_System_abort__E)
                  00004698    0000001a     empty_pem4f.oem4f (.text:ti_sysbios_family_arm_m3_Hwi_Handle__label__S)
                  000046b2    0000001a     empty_pem4f.oem4f (.text:ti_sysbios_gates_GateHwi_Handle__label__S)
                  000046cc    0000001a     empty_pem4f.oem4f (.text:ti_sysbios_gates_GateMutex_Handle__label__S)
                  000046e6    0000001a     empty_pem4f.oem4f (.text:ti_sysbios_knl_Swi_Handle__label__S)
                  00004700    0000001a     empty_pem4f.oem4f (.text:ti_sysbios_knl_Task_Handle__label__S)
                  0000471a    0000001a     empty_pem4f.oem4f (.text:xdc_runtime_HeapStd_Handle__label__S)
                  00004734    0000001a     empty_pem4f.oem4f (.text:xdc_runtime_System_aprintf__E)
                  0000474e    0000001a     empty_pem4f.oem4f (.text:xdc_runtime_System_printf__E)
                  00004768    00000018     driverlib.lib : gpio.obj (.text:GPIOPinTypeGPIOOutput)
                  00004780    00000018     rtsv7M4_T_le_v4SPD16_eabi.lib : args_main.c.obj (.text:_args_main)
                  00004798    00000018     empty_pem4f.oem4f (.text:ti_sysbios_BIOS_rtsUnlock__I)
                  000047b0    00000018     empty_pem4f.oem4f (.text:ti_sysbios_family_arm_lm4_Timer_Module__startupDone__F)
                  000047c8    00000018     empty_pem4f.oem4f (.text:ti_sysbios_family_arm_m3_Hwi_Module__startupDone__F)
                  000047e0    00000018     sysbios.aem4f : m3_TaskSupport_asm.obj (.text:ti_sysbios_family_arm_m3_TaskSupport_swap__E)
                  000047f8    00000018                   : BIOS.obj (.text:ti_sysbios_gates_GateMutex_leave__E)
                  00004810    00000018     ti.targets.arm.rtsarm.aem4f : Error.oem4f (.text:xdc_runtime_Error_check__E)
                  00004828    00000018                                 : System.oem4f (.text:xdc_runtime_System_exit__E)
                  00004840    00000018                                 : Text.oem4f (.text:xdc_runtime_Text_ropeText__E)
                  00004858    00000016     empty_pem4f.oem4f (.text:ti_sysbios_BIOS_exitFunc__I)
                  0000486e    00000014     rtsv7M4_T_le_v4SPD16_eabi.lib : strlen.c.obj (.text:strlen)
                  00004882    00000002     --HOLE-- [fill = 0]
                  00004884    00000014     empty_pem4f.oem4f (.text:ti_sysbios_family_arm_m3_Hwi_Object__get__S)
                  00004898    00000014     sysbios.aem4f : BIOS.obj (.text:ti_sysbios_family_arm_m3_Hwi_switchFromBootStack__E)
                  000048ac    00000014     empty_pem4f.oem4f (.text:ti_sysbios_knl_Swi_Object__get__S)
                  000048c0    00000012     sysbios.aem4f : BIOS.obj (.text:ti_sysbios_hal_Hwi_Module_startup__E)
                  000048d2    00000012     empty_pem4f.oem4f (.text:xdc_runtime_Startup_exec__I)
                  000048e4    00000004     --HOLE-- [fill = 0]
                  000048e8    00000010     sysbios.aem4f : BIOS.obj (.text:ti_sysbios_BIOS_setThreadType__E)
                  000048f8    00000010                   : BIOS.obj (.text:ti_sysbios_BIOS_start__E)
                  00004908    00000010                   : m3_TaskSupport_asm.obj (.text:ti_sysbios_family_arm_m3_TaskSupport_glue)
                  00004918    00000010                   : BIOS.obj (.text:ti_sysbios_gates_GateMutex_Instance_finalize__E)
                  00004928    00000010                   : BIOS.obj (.text:ti_sysbios_knl_Semaphore_Instance_finalize__E)
                  00004938    00000010                   : BIOS.obj (.text:ti_sysbios_knl_Swi_disable__E)
                  00004948    00000010     empty_pem4f.oem4f (.text:ti_sysbios_knl_Task_Object__get__S)
                  00004958    00000010     sysbios.aem4f : BIOS.obj (.text:ti_sysbios_knl_Task_disable__E)
                  00004968    00000010     ti.targets.arm.rtsarm.aem4f : Gate.oem4f (.text:xdc_runtime_Gate_leaveSystem__E)
                  00004978    00000010                                 : Memory.oem4f (.text:xdc_runtime_Memory_free__E)
                  00004988    00000010                                 : SysMin.oem4f (.text:xdc_runtime_SysMin_ready__E)
                  00004998    00000010                                 : System.oem4f (.text:xdc_runtime_System_vsnprintf__E)
                  000049a8    00000010     empty_pem4f.oem4f (.text:xdc_runtime_Text_visitRope__I)
                  000049b8    0000000e     rtsv7M4_T_le_v4SPD16_eabi.lib : copy_decompress_none.c.obj (.text:decompress:none:__TI_decompress_none)
                  000049c6    00000002     --HOLE-- [fill = 0]
                  000049c8    0000000e     sysbios.aem4f : BIOS.obj (.text:ti_sysbios_knl_Idle_loop__E)
                  000049d6    00000002     --HOLE-- [fill = 0]
                  000049d8    0000000e                   : BIOS.obj (.text:ti_sysbios_knl_Queue_empty__E)
                  000049e6    0000000e     ti.targets.arm.rtsarm.aem4f : HeapStd.oem4f (.text:xdc_runtime_HeapStd_getStats__E)
                  000049f4    0000000c     empty_pem4f.oem4f (.text:.bootCodeSection:ti_catalog_arm_cortexm4_tiva_ce_Boot_init__I)
                  00004a00    0000000c     rtsv7M4_T_le_v4SPD16_eabi.lib : _lock.c.obj (.text:_register_lock)
                  00004a0c    0000000c                                   : _lock.c.obj (.text:_register_unlock)
                  00004a18    0000000c                                   : copy_zero_init.c.obj (.text:decompress:ZI:__TI_zero_init)
                  00004a24    0000000c     empty.obj (.text:main)
                  00004a30    0000000c     sysbios.aem4f : BIOS.obj (.text:ti_sysbios_family_arm_lm4_Timer_getMaxTicks__E)
                  00004a3c    00000004     --HOLE-- [fill = 0]
                  00004a40    0000000c                   : BIOS.obj (.text:ti_sysbios_family_arm_m3_TaskSupport_checkStack__E)
                  00004a4c    00000004     --HOLE-- [fill = 0]
                  00004a50    0000000c                   : BIOS.obj (.text:ti_sysbios_gates_GateHwi_enter__E)
                  00004a5c    0000000c     empty_pem4f.oem4f (.text:ti_sysbios_knl_Queue_Object__get__S)
                  00004a68    0000000c     ti.targets.arm.rtsarm.aem4f : Error.oem4f (.text:xdc_runtime_Error_init__E)
                  00004a74    0000000c                                 : Gate.oem4f (.text:xdc_runtime_Gate_enterSystem__E)
                  00004a80    0000000c                                 : Memory.oem4f (.text:xdc_runtime_Memory_calloc__E)
                  00004a8c    0000000c                                 : Memory.oem4f (.text:xdc_runtime_Memory_getMaxDefaultTypeAlign__E)
                  00004a98    0000000a     empty_pem4f.oem4f (.text:xdc_runtime_IHeap_alloc)
                  00004aa2    0000000a     empty_pem4f.oem4f (.text:xdc_runtime_IHeap_free)
                  00004aac    00000008     sysbios.aem4f : BIOS.obj (.text:ti_sysbios_family_arm_lm4_Timer_masterDisable__I)
                  00004ab4    00000004     --HOLE-- [fill = 0]
                  00004ab8    00000008                   : BIOS.obj (.text:ti_sysbios_family_arm_m3_Hwi_doSwiRestore__I)
                  00004ac0    00000008                   : BIOS.obj (.text:ti_sysbios_family_arm_m3_Hwi_startup__E)
                  00004ac8    00000006     Boot.aem4f : Boot_sysctl.oem4f (.text:ti_catalog_arm_cortexm4_tiva_ce_Boot_sysCtlDelayI__I)
                  00004ace    00000002     --HOLE-- [fill = 0]
                  00004ad0    00000006     sysbios.aem4f : BIOS.obj (.text:ti_sysbios_gates_GateHwi_leave__E)
                  00004ad6    00000002     --HOLE-- [fill = 0]
                  00004ad8    00000006                   : BIOS.obj (.text:ti_sysbios_knl_Queue_Instance_init__E)
                  00004ade    00000002     --HOLE-- [fill = 0]
                  00004ae0    00000006                   : BIOS.obj (.text:ti_sysbios_knl_Swi_startup__E)
                  00004ae6    00000006     ti.targets.arm.rtsarm.aem4f : System.oem4f (.text:xdc_runtime_System_Module_startup__E)
                  00004aec    00000004     --HOLE-- [fill = 0]
                  00004af0    00000004     sysbios.aem4f : BIOS.obj (.text:ti_sysbios_gates_GateHwi_query__E)
                  00004af4    00000004     --HOLE-- [fill = 0]
                  00004af8    00000004                   : BIOS.obj (.text:ti_sysbios_gates_GateMutex_query__E)
                  00004afc    00000004     --HOLE-- [fill = 0]
                  00004b00    00000004                   : BIOS.obj (.text:ti_sysbios_knl_Task_startup__E)
                  00004b04    00000004     --HOLE-- [fill = 0]
                  00004b08    00000002                   : BIOS.obj (.text:ti_sysbios_gates_GateHwi_Instance_init__E)

.const     0    00004b0c    000019f3     
                  00004b0c    000014c8     empty_pem4f.oem4f (.const:xdc_runtime_Text_charTab__A)
                  00005fd4    000000b8     empty_pem4f.oem4f (.const:xdc_runtime_Text_nodeTab__A)
                  0000608c    00000048     empty_pem4f.oem4f (.const:.string)
                  000060d4    00000028     empty_pem4f.oem4f (.const:xdc_runtime_HeapStd_Module__FXNS__C)
                  000060fc    00000024     empty_pem4f.oem4f (.const:ti_sysbios_gates_GateHwi_Module__FXNS__C)
                  00006120    00000024     empty_pem4f.oem4f (.const:ti_sysbios_gates_GateMutex_Module__FXNS__C)
                  00006144    00000024     empty_pem4f.oem4f (.const:ti_sysbios_knl_Semaphore_Object__PARAMS__C)
                  00006168    00000020     empty_pem4f.oem4f (.const:ti_sysbios_gates_GateHwi_Object__DESC__C)
                  00006188    00000020     empty_pem4f.oem4f (.const:ti_sysbios_gates_GateMutex_Object__DESC__C)
                  000061a8    00000020     empty_pem4f.oem4f (.const:ti_sysbios_knl_Queue_Object__DESC__C)
                  000061c8    00000020     empty_pem4f.oem4f (.const:ti_sysbios_knl_Semaphore_Object__DESC__C)
                  000061e8    00000020     empty_pem4f.oem4f (.const:xdc_runtime_HeapStd_Object__DESC__C)
                  00006208    00000020     empty_pem4f.oem4f (.const:xdc_runtime_Startup_sfxnTab__A)
                  00006228    0000001c     empty_pem4f.oem4f (.const:xdc_runtime_HeapStd_Object__PARAMS__C)
                  00006244    00000018     empty_pem4f.oem4f (.const:ti_sysbios_gates_GateHwi_Object__PARAMS__C)
                  0000625c    00000018     empty_pem4f.oem4f (.const:ti_sysbios_gates_GateMutex_Object__PARAMS__C)
                  00006274    00000018     empty_pem4f.oem4f (.const:ti_sysbios_knl_Queue_Object__PARAMS__C)
                  0000628c    00000010     empty_pem4f.oem4f (.const:xdc_runtime_Startup_firstFxns__A)
                  0000629c    00000010     empty_pem4f.oem4f (.const:xdc_runtime_Startup_sfxnRts__A)
                  000062ac    00000008     empty_pem4f.oem4f (.const:ti_sysbios_family_arm_m3_Hwi_excHookFuncs__A)
                  000062b4    00000008     empty_pem4f.oem4f (.const:ti_sysbios_knl_Idle_funcList__C)
                  000062bc    00000008     empty_pem4f.oem4f (.const:xdc_runtime_Startup_firstFxns__C)
                  000062c4    00000008     empty_pem4f.oem4f (.const:xdc_runtime_Startup_lastFxns__C)
                  000062cc    00000004     empty_pem4f.oem4f (.const:ti_catalog_arm_cortexm4_tiva_ce_Boot_A_mustUseEnhancedClockMode__C)
                  000062d0    00000004     empty_pem4f.oem4f (.const:ti_catalog_arm_cortexm4_tiva_ce_Boot_Module__diagsEnabled__C)
                  000062d4    00000004     empty_pem4f.oem4f (.const:ti_catalog_arm_cortexm4_tiva_ce_Boot_Module__diagsIncluded__C)
                  000062d8    00000004     empty_pem4f.oem4f (.const:ti_catalog_arm_cortexm4_tiva_ce_Boot_Module__diagsMask__C)
                  000062dc    00000004     empty_pem4f.oem4f (.const:ti_sysbios_family_arm_lm4_Timer_enableFunc__C)
                  000062e0    00000004     empty_pem4f.oem4f (.const:ti_sysbios_family_arm_lm4_Timer_numTimerDevices__C)
                  000062e4    00000004     empty_pem4f.oem4f (.const:ti_sysbios_family_arm_lm4_Timer_startupNeeded__C)
                  000062e8    00000004     empty_pem4f.oem4f (.const:ti_sysbios_family_arm_m3_Hwi_E_NMI__C)
                  000062ec    00000004     empty_pem4f.oem4f (.const:ti_sysbios_family_arm_m3_Hwi_E_busFault__C)
                  000062f0    00000004     empty_pem4f.oem4f (.const:ti_sysbios_family_arm_m3_Hwi_E_debugMon__C)
                  000062f4    00000004     empty_pem4f.oem4f (.const:ti_sysbios_family_arm_m3_Hwi_E_hardFault__C)
                  000062f8    00000004     empty_pem4f.oem4f (.const:ti_sysbios_family_arm_m3_Hwi_E_memFault__C)
                  000062fc    00000004     empty_pem4f.oem4f (.const:ti_sysbios_family_arm_m3_Hwi_E_noIsr__C)
                  00006300    00000004     empty_pem4f.oem4f (.const:ti_sysbios_family_arm_m3_Hwi_E_reserved__C)
                  00006304    00000004     empty_pem4f.oem4f (.const:ti_sysbios_family_arm_m3_Hwi_E_svCall__C)
                  00006308    00000004     empty_pem4f.oem4f (.const:ti_sysbios_family_arm_m3_Hwi_E_usageFault__C)
                  0000630c    00000004     empty_pem4f.oem4f (.const:ti_sysbios_family_arm_m3_Hwi_LD_end__C)
                  00006310    00000004     empty_pem4f.oem4f (.const:ti_sysbios_family_arm_m3_Hwi_LM_begin__C)
                  00006314    00000004     empty_pem4f.oem4f (.const:ti_sysbios_family_arm_m3_Hwi_Module__diagsEnabled__C)
                  00006318    00000004     empty_pem4f.oem4f (.const:ti_sysbios_family_arm_m3_Hwi_Module__diagsIncluded__C)
                  0000631c    00000004     empty_pem4f.oem4f (.const:ti_sysbios_family_arm_m3_Hwi_Module__diagsMask__C)
                  00006320    00000004     empty_pem4f.oem4f (.const:ti_sysbios_family_arm_m3_Hwi_Module__loggerFxn1__C)
                  00006324    00000004     empty_pem4f.oem4f (.const:ti_sysbios_family_arm_m3_Hwi_Module__loggerFxn8__C)
                  00006328    00000004     empty_pem4f.oem4f (.const:ti_sysbios_family_arm_m3_Hwi_Module__loggerObj__C)
                  0000632c    00000004     empty_pem4f.oem4f (.const:ti_sysbios_family_arm_m3_Hwi_NUM_INTERRUPTS__C)
                  00006330    00000004     empty_pem4f.oem4f (.const:ti_sysbios_family_arm_m3_Hwi_Object__count__C)
                  00006334    00000004     empty_pem4f.oem4f (.const:ti_sysbios_family_arm_m3_Hwi_ccr__C)
                  00006338    00000004     empty_pem4f.oem4f (.const:ti_sysbios_family_arm_m3_Hwi_excHandlerFunc__C)
                  0000633c    00000004     empty_pem4f.oem4f (.const:ti_sysbios_family_arm_m3_Hwi_excHookFuncs__C)
                  00006340    00000004     empty_pem4f.oem4f (.const:ti_sysbios_family_arm_m3_Hwi_nullIsrFunc__C)
                  00006344    00000004     empty_pem4f.oem4f (.const:ti_sysbios_family_arm_m3_Hwi_priGroup__C)
                  00006348    00000004     empty_pem4f.oem4f (.const:ti_sysbios_gates_GateMutex_A_badContext__C)
                  0000634c    00000004     empty_pem4f.oem4f (.const:ti_sysbios_gates_GateMutex_Instance_State_sem__O)
                  00006350    00000004     empty_pem4f.oem4f (.const:ti_sysbios_gates_GateMutex_Module__diagsEnabled__C)
                  00006354    00000004     empty_pem4f.oem4f (.const:ti_sysbios_gates_GateMutex_Module__diagsIncluded__C)
                  00006358    00000004     empty_pem4f.oem4f (.const:ti_sysbios_gates_GateMutex_Module__diagsMask__C)
                  0000635c    00000004     empty_pem4f.oem4f (.const:ti_sysbios_hal_Hwi_E_stackOverflow__C)
                  00006360    00000004     empty_pem4f.oem4f (.const:ti_sysbios_knl_Clock_LM_begin__C)
                  00006364    00000004     empty_pem4f.oem4f (.const:ti_sysbios_knl_Clock_LM_tick__C)
                  00006368    00000004     empty_pem4f.oem4f (.const:ti_sysbios_knl_Clock_LW_delayed__C)
                  0000636c    00000004     empty_pem4f.oem4f (.const:ti_sysbios_knl_Clock_Module_State_clockQ__O)
                  00006370    00000004     empty_pem4f.oem4f (.const:ti_sysbios_knl_Clock_Module__diagsEnabled__C)
                  00006374    00000004     empty_pem4f.oem4f (.const:ti_sysbios_knl_Clock_Module__diagsIncluded__C)
                  00006378    00000004     empty_pem4f.oem4f (.const:ti_sysbios_knl_Clock_Module__diagsMask__C)
                  0000637c    00000004     empty_pem4f.oem4f (.const:ti_sysbios_knl_Clock_Module__loggerFxn1__C)
                  00006380    00000004     empty_pem4f.oem4f (.const:ti_sysbios_knl_Clock_Module__loggerFxn2__C)
                  00006384    00000004     empty_pem4f.oem4f (.const:ti_sysbios_knl_Clock_Module__loggerObj__C)
                  00006388    00000004     empty_pem4f.oem4f (.const:ti_sysbios_knl_Idle_funcList__A)
                  0000638c    00000004     empty_pem4f.oem4f (.const:ti_sysbios_knl_Semaphore_A_badContext__C)
                  00006390    00000004     empty_pem4f.oem4f (.const:ti_sysbios_knl_Semaphore_A_noEvents__C)
                  00006394    00000004     empty_pem4f.oem4f (.const:ti_sysbios_knl_Semaphore_A_overflow__C)
                  00006398    00000004     empty_pem4f.oem4f (.const:ti_sysbios_knl_Semaphore_A_pendTaskDisabled__C)
                  0000639c    00000004     empty_pem4f.oem4f (.const:ti_sysbios_knl_Semaphore_Instance_State_pendQ__O)
                  000063a0    00000004     empty_pem4f.oem4f (.const:ti_sysbios_knl_Semaphore_LM_pend__C)
                  000063a4    00000004     empty_pem4f.oem4f (.const:ti_sysbios_knl_Semaphore_LM_post__C)
                  000063a8    00000004     empty_pem4f.oem4f (.const:ti_sysbios_knl_Semaphore_Module__diagsEnabled__C)
                  000063ac    00000004     empty_pem4f.oem4f (.const:ti_sysbios_knl_Semaphore_Module__diagsIncluded__C)
                  000063b0    00000004     empty_pem4f.oem4f (.const:ti_sysbios_knl_Semaphore_Module__diagsMask__C)
                  000063b4    00000004     empty_pem4f.oem4f (.const:ti_sysbios_knl_Semaphore_Module__loggerFxn2__C)
                  000063b8    00000004     empty_pem4f.oem4f (.const:ti_sysbios_knl_Semaphore_Module__loggerFxn4__C)
                  000063bc    00000004     empty_pem4f.oem4f (.const:ti_sysbios_knl_Semaphore_Module__loggerObj__C)
                  000063c0    00000004     empty_pem4f.oem4f (.const:ti_sysbios_knl_Swi_LD_end__C)
                  000063c4    00000004     empty_pem4f.oem4f (.const:ti_sysbios_knl_Swi_LM_begin__C)
                  000063c8    00000004     empty_pem4f.oem4f (.const:ti_sysbios_knl_Swi_LM_post__C)
                  000063cc    00000004     empty_pem4f.oem4f (.const:ti_sysbios_knl_Swi_Module__diagsEnabled__C)
                  000063d0    00000004     empty_pem4f.oem4f (.const:ti_sysbios_knl_Swi_Module__diagsIncluded__C)
                  000063d4    00000004     empty_pem4f.oem4f (.const:ti_sysbios_knl_Swi_Module__diagsMask__C)
                  000063d8    00000004     empty_pem4f.oem4f (.const:ti_sysbios_knl_Swi_Module__loggerFxn1__C)
                  000063dc    00000004     empty_pem4f.oem4f (.const:ti_sysbios_knl_Swi_Module__loggerFxn4__C)
                  000063e0    00000004     empty_pem4f.oem4f (.const:ti_sysbios_knl_Swi_Module__loggerObj__C)
                  000063e4    00000004     empty_pem4f.oem4f (.const:ti_sysbios_knl_Swi_Object__count__C)
                  000063e8    00000004     empty_pem4f.oem4f (.const:ti_sysbios_knl_Task_E_spOutOfBounds__C)
                  000063ec    00000004     empty_pem4f.oem4f (.const:ti_sysbios_knl_Task_E_stackOverflow__C)
                  000063f0    00000004     empty_pem4f.oem4f (.const:ti_sysbios_knl_Task_LD_block__C)
                  000063f4    00000004     empty_pem4f.oem4f (.const:ti_sysbios_knl_Task_LD_exit__C)
                  000063f8    00000004     empty_pem4f.oem4f (.const:ti_sysbios_knl_Task_LD_ready__C)
                  000063fc    00000004     empty_pem4f.oem4f (.const:ti_sysbios_knl_Task_LM_switch__C)
                  00006400    00000004     empty_pem4f.oem4f (.const:ti_sysbios_knl_Task_Module_State_inactiveQ__O)
                  00006404    00000004     empty_pem4f.oem4f (.const:ti_sysbios_knl_Task_Module__diagsEnabled__C)
                  00006408    00000004     empty_pem4f.oem4f (.const:ti_sysbios_knl_Task_Module__diagsIncluded__C)
                  0000640c    00000004     empty_pem4f.oem4f (.const:ti_sysbios_knl_Task_Module__diagsMask__C)
                  00006410    00000004     empty_pem4f.oem4f (.const:ti_sysbios_knl_Task_Module__loggerFxn2__C)
                  00006414    00000004     empty_pem4f.oem4f (.const:ti_sysbios_knl_Task_Module__loggerFxn4__C)
                  00006418    00000004     empty_pem4f.oem4f (.const:ti_sysbios_knl_Task_Module__loggerObj__C)
                  0000641c    00000004     empty_pem4f.oem4f (.const:ti_sysbios_knl_Task_Object__count__C)
                  00006420    00000004     empty_pem4f.oem4f (.const:ti_sysbios_knl_Task_allBlockedFunc__C)
                  00006424    00000004     empty_pem4f.oem4f (.const:ti_sysbios_knl_Task_numConstructedTasks__C)
                  00006428    00000004     empty_pem4f.oem4f (.const:xdc_runtime_Assert_E_assertFailed__C)
                  0000642c    00000004     empty_pem4f.oem4f (.const:xdc_runtime_Core_A_initializedParams__C)
                  00006430    00000004     empty_pem4f.oem4f (.const:xdc_runtime_Core_Module__diagsEnabled__C)
                  00006434    00000004     empty_pem4f.oem4f (.const:xdc_runtime_Core_Module__diagsIncluded__C)
                  00006438    00000004     empty_pem4f.oem4f (.const:xdc_runtime_Core_Module__diagsMask__C)
                  0000643c    00000004     empty_pem4f.oem4f (.const:xdc_runtime_Error_E_memory__C)
                  00006440    00000004     empty_pem4f.oem4f (.const:xdc_runtime_Error_Module__diagsEnabled__C)
                  00006444    00000004     empty_pem4f.oem4f (.const:xdc_runtime_Error_Module__diagsIncluded__C)
                  00006448    00000004     empty_pem4f.oem4f (.const:xdc_runtime_Error_Module__diagsMask__C)
                  0000644c    00000004     empty_pem4f.oem4f (.const:xdc_runtime_Error_Module__loggerFxn8__C)
                  00006450    00000004     empty_pem4f.oem4f (.const:xdc_runtime_Error_Module__loggerObj__C)
                  00006454    00000004     empty_pem4f.oem4f (.const:xdc_runtime_Error_policyFxn__C)
                  00006458    00000004     empty_pem4f.oem4f (.const:xdc_runtime_Error_raiseHook__C)
                  0000645c    00000004     empty_pem4f.oem4f (.const:xdc_runtime_HeapStd_A_align__C)
                  00006460    00000004     empty_pem4f.oem4f (.const:xdc_runtime_HeapStd_A_invalidTotalFreeSize__C)
                  00006464    00000004     empty_pem4f.oem4f (.const:xdc_runtime_HeapStd_A_zeroSize__C)
                  00006468    00000004     empty_pem4f.oem4f (.const:xdc_runtime_HeapStd_E_noRTSMemory__C)
                  0000646c    00000004     empty_pem4f.oem4f (.const:xdc_runtime_HeapStd_Module__diagsEnabled__C)
                  00006470    00000004     empty_pem4f.oem4f (.const:xdc_runtime_HeapStd_Module__diagsIncluded__C)
                  00006474    00000004     empty_pem4f.oem4f (.const:xdc_runtime_HeapStd_Module__diagsMask__C)
                  00006478    00000004     empty_pem4f.oem4f (.const:xdc_runtime_IGateProvider_Interface__BASE__C)
                  0000647c    00000004     empty_pem4f.oem4f (.const:xdc_runtime_IHeap_Interface__BASE__C)
                  00006480    00000004     empty_pem4f.oem4f (.const:xdc_runtime_IModule_Interface__BASE__C)
                  00006484    00000004     empty_pem4f.oem4f (.const:xdc_runtime_Log_L_error__C)
                  00006488    00000004     empty_pem4f.oem4f (.const:xdc_runtime_Memory_defaultHeapInstance__C)
                  0000648c    00000004     empty_pem4f.oem4f (.const:xdc_runtime_Startup_execImpl__C)
                  00006490    00000004     empty_pem4f.oem4f (.const:xdc_runtime_Startup_maxPasses__C)
                  00006494    00000004     empty_pem4f.oem4f (.const:xdc_runtime_Startup_sfxnRts__C)
                  00006498    00000004     empty_pem4f.oem4f (.const:xdc_runtime_Startup_sfxnTab__C)
                  0000649c    00000004     empty_pem4f.oem4f (.const:xdc_runtime_SysMin_bufSize__C)
                  000064a0    00000004     empty_pem4f.oem4f (.const:xdc_runtime_SysMin_outputFunc__C)
                  000064a4    00000004     empty_pem4f.oem4f (.const:xdc_runtime_System_Module__gateObj__C)
                  000064a8    00000004     empty_pem4f.oem4f (.const:xdc_runtime_System_abortFxn__C)
                  000064ac    00000004     empty_pem4f.oem4f (.const:xdc_runtime_System_exitFxn__C)
                  000064b0    00000004     empty_pem4f.oem4f (.const:xdc_runtime_System_extendFxn__C)
                  000064b4    00000004     empty_pem4f.oem4f (.const:xdc_runtime_System_maxAtexitHandlers__C)
                  000064b8    00000004     empty_pem4f.oem4f (.const:xdc_runtime_Text_charTab__C)
                  000064bc    00000004     empty_pem4f.oem4f (.const:xdc_runtime_Text_nameEmpty__C)
                  000064c0    00000004     empty_pem4f.oem4f (.const:xdc_runtime_Text_nameStatic__C)
                  000064c4    00000004     empty_pem4f.oem4f (.const:xdc_runtime_Text_nameUnknown__C)
                  000064c8    00000004     empty_pem4f.oem4f (.const:xdc_runtime_Text_nodeTab__C)
                  000064cc    00000004     empty_pem4f.oem4f (.const:xdc_runtime_Text_visitRopeFxn__C)
                  000064d0    00000002     empty_pem4f.oem4f (.const:ti_catalog_arm_cortexm4_tiva_ce_Boot_Module__id__C)
                  000064d2    00000002     empty_pem4f.oem4f (.const:ti_sysbios_family_arm_m3_Hwi_Module__id__C)
                  000064d4    00000002     empty_pem4f.oem4f (.const:ti_sysbios_family_arm_m3_Hwi_Module__loggerDefined__C)
                  000064d6    00000002     empty_pem4f.oem4f (.const:ti_sysbios_gates_GateMutex_Module__id__C)
                  000064d8    00000002     empty_pem4f.oem4f (.const:ti_sysbios_hal_Hwi_Module__id__C)
                  000064da    00000002     empty_pem4f.oem4f (.const:ti_sysbios_knl_Clock_Module__id__C)
                  000064dc    00000002     empty_pem4f.oem4f (.const:ti_sysbios_knl_Clock_Module__loggerDefined__C)
                  000064de    00000002     empty_pem4f.oem4f (.const:ti_sysbios_knl_Semaphore_Module__id__C)
                  000064e0    00000002     empty_pem4f.oem4f (.const:ti_sysbios_knl_Semaphore_Module__loggerDefined__C)
                  000064e2    00000002     empty_pem4f.oem4f (.const:ti_sysbios_knl_Swi_Module__id__C)
                  000064e4    00000002     empty_pem4f.oem4f (.const:ti_sysbios_knl_Swi_Module__loggerDefined__C)
                  000064e6    00000002     empty_pem4f.oem4f (.const:ti_sysbios_knl_Task_Module__id__C)
                  000064e8    00000002     empty_pem4f.oem4f (.const:ti_sysbios_knl_Task_Module__loggerDefined__C)
                  000064ea    00000002     empty_pem4f.oem4f (.const:xdc_runtime_Core_Module__id__C)
                  000064ec    00000002     empty_pem4f.oem4f (.const:xdc_runtime_Error_Module__loggerDefined__C)
                  000064ee    00000002     empty_pem4f.oem4f (.const:xdc_runtime_Error_maxDepth__C)
                  000064f0    00000002     empty_pem4f.oem4f (.const:xdc_runtime_HeapStd_Module__id__C)
                  000064f2    00000002     empty_pem4f.oem4f (.const:xdc_runtime_Memory_Module__id__C)
                  000064f4    00000002     empty_pem4f.oem4f (.const:xdc_runtime_SysMin_flushAtExit__C)
                  000064f6    00000002     empty_pem4f.oem4f (.const:xdc_runtime_Text_charCnt__C)
                  000064f8    00000002     empty_pem4f.oem4f (.const:xdc_runtime_Text_isLoaded__C)
                  000064fa    00000002     empty_pem4f.oem4f (.const:xdc_runtime_Text_registryModsLastId__C)
                  000064fc    00000002     empty_pem4f.oem4f (.const:xdc_runtime_Text_unnamedModsLastId__C)
                  000064fe    00000001     empty_pem4f.oem4f (.const:xdc_runtime_Error_policy__C)

.cinit     0    00006500    000001d0     
                  00006500    00000199     (.cinit..data.load) [load image, compression = lzss]
                  00006699    00000003     --HOLE-- [fill = 0]
                  0000669c    0000000c     (__TI_handler_table)
                  000066a8    00000008     (.cinit..bss.load) [load image, compression = zero_init]
                  000066b0    00000008     (.cinit..vecs.load) [load image, compression = zero_init]
                  000066b8    00000018     (__TI_cinit_table)

.init_array 
*          0    00000000    00000000     UNINITIALIZED

.resetVecs 
*          0    00000000    0000003c     
                  00000000    0000003c     empty_pem4f.oem4f (.resetVecs)

.bss       0    20000360    00000708     UNINITIALIZED
                  20000360    00000360     (.common:ti_sysbios_family_arm_m3_Hwi_dispatchTable)
                  200006c0    00000200     empty_pem4f.oem4f (.bss:taskStackSection)
                  200008c0    00000120     rtsv7M4_T_le_v4SPD16_eabi.lib : trgmsg.c.obj (.bss:_CIOBUF_)
                  200009e0    00000080     (.common:xdc_runtime_SysMin_Module_State_0_outbuf__A)
                  20000a60    00000008     (.common:parmbuf)

.data      0    20000e68    000003b0     UNINITIALIZED
                  20000e68    00000080     empty_pem4f.oem4f (.data:ti_sysbios_knl_Swi_Module_State_0_readyQ__A)
                  20000ee8    00000080     empty_pem4f.oem4f (.data:ti_sysbios_knl_Task_Module_State_0_readyQ__A)
                  20000f68    0000004c     empty_pem4f.oem4f (.data:ti_sysbios_knl_Task_Object__table__V)
                  20000fb4    00000044     empty_pem4f.oem4f (.data:ti_sysbios_knl_Task_Module__state__V)
                  20000ff8    00000040     empty_pem4f.oem4f (.data:ti_sysbios_family_arm_lm4_Timer_Object__table__V)
                  20001038    00000034     empty_pem4f.oem4f (.data:ti_sysbios_family_arm_m3_Hwi_Module__state__V)
                  2000106c    00000030     empty_pem4f.oem4f (.data:ti_sysbios_family_arm_lm4_Timer_Module_State_0_device__A)
                  2000109c    00000030     empty_pem4f.oem4f (.data:ti_sysbios_knl_Swi_Object__table__V)
                  200010cc    0000002c     empty_pem4f.oem4f (.data:ti_sysbios_knl_Clock_Module__state__V)
                  200010f8    00000024     empty_pem4f.oem4f (.data:ti_sysbios_BIOS_Module__state__V)
                  2000111c    0000001c     empty_pem4f.oem4f (.data:ti_sysbios_gates_GateMutex_Object__table__V)
                  20001138    0000001c     empty_pem4f.oem4f (.data:ti_sysbios_knl_Swi_Module__state__V)
                  20001154    00000018     empty_pem4f.oem4f (.data:ti_sysbios_family_arm_lm4_Timer_Module_State_0_handles__A)
                  2000116c    00000018     empty_pem4f.oem4f (.data:ti_sysbios_family_arm_m3_Hwi_Object__table__V)
                  20001184    0000000c     empty_pem4f.oem4f (.data:ti_sysbios_family_arm_lm4_Timer_Module__state__V)
                  20001190    0000000c     empty_pem4f.oem4f (.data:xdc_runtime_HeapStd_Object__table__V)
                  2000119c    0000000c     empty_pem4f.oem4f (.data:xdc_runtime_SysMin_Module__state__V)
                  200011a8    00000008     rtsv7M4_T_le_v4SPD16_eabi.lib : _lock.c.obj (.data:$O1$$)
                  200011b0    00000008     empty_pem4f.oem4f (.data:ti_sysbios_gates_GateHwi_Module__root__V)
                  200011b8    00000008     empty_pem4f.oem4f (.data:ti_sysbios_gates_GateMutex_Module__root__V)
                  200011c0    00000008     empty_pem4f.oem4f (.data:ti_sysbios_knl_Queue_Module__root__V)
                  200011c8    00000008     empty_pem4f.oem4f (.data:ti_sysbios_knl_Semaphore_Module__root__V)
                  200011d0    00000008     empty_pem4f.oem4f (.data:xdc_runtime_HeapStd_Module__root__V)
                  200011d8    00000008     empty_pem4f.oem4f (.data:xdc_runtime_Registry_Module__state__V)
                  200011e0    00000008     empty_pem4f.oem4f (.data:xdc_runtime_Startup_Module__state__V)
                  200011e8    00000008     empty_pem4f.oem4f (.data:xdc_runtime_System_Module_State_0_atexitHandlers__A)
                  200011f0    00000008     empty_pem4f.oem4f (.data:xdc_runtime_System_Module__state__V)
                  200011f8    00000004     rtsv7M4_T_le_v4SPD16_eabi.lib : stkdepth_vars.c.obj (.data)
                  200011fc    00000004     empty_pem4f.oem4f (.data:ti_sysbios_family_arm_m3_Hwi_Module_State_0_excContext__A)
                  20001200    00000004     empty_pem4f.oem4f (.data:ti_sysbios_family_arm_m3_Hwi_Module_State_0_excStack__A)
                  20001204    00000004     empty_pem4f.oem4f (.data:ti_sysbios_gates_GateHwi_Object__table__V)
                  20001208    00000004     empty_pem4f.oem4f (.data:ti_sysbios_knl_Task_Module_State_0_idleTask__A)
                  2000120c    00000004     empty_pem4f.oem4f (.data:xdc_runtime_HeapStd_Module__state__V)
                  20001210    00000004     empty_pem4f.oem4f (.data:xdc_runtime_Memory_Module__state__V)
                  20001214    00000002     empty_pem4f.oem4f (.data:ti_sysbios_family_arm_m3_Hwi_Module_State_0_excActive__A)
                  20001216    00000002     empty_pem4f.oem4f (.data:xdc_runtime_Error_Module__state__V)

.stack     0    20000a68    00000400     UNINITIALIZED
                  20000a68    00000400     --HOLE--

.bootVecs 
*          0    00000000    00000008     DSECT
                  00000000    00000008     boot.aem4f : boot.oem4f (.bootVecs)

.vecs      0    20000000    00000360     UNINITIALIZED
                  20000000    00000360     empty_pem4f.oem4f (.vecs)

xdc.meta   0    00000000    00000129     COPY SECTION
                  00000000    00000129     empty_pem4f.oem4f (xdc.meta)

MODULE SUMMARY

       Module                       code    ro data   rw data
       ------                       ----    -------   -------
    .\
       empty.obj                    60      0         0      
    +--+----------------------------+-------+---------+---------+
       Total:                       60      0         0      
                                                             
    C:\Users\trace\OneDrive\Documents\GitHub\epc904laff8102vlnu\epc304llaf8102vlnu\TivaC_RTOS\empty_EK_TM4C123GXL_TI\Debug\configPkg\package\cfg\
       empty_pem4f.oem4f            1460    6703      3300   
    +--+----------------------------+-------+---------+---------+
       Total:                       1460    6703      3300   
                                                             
    C:/ti/tirtos_tivac_2_16_00_08/products/TivaWare_C_Series-2.1.1.71b/driverlib/ccs/Debug/driverlib.lib
       gpio.obj                     376     0         0      
       sysctl.obj                   298     0         0      
    +--+----------------------------+-------+---------+---------+
       Total:                       674     0         0      
                                                             
    C:\Users\trace\OneDrive\Documents\GitHub\epc904laff8102vlnu\epc304llaf8102vlnu\TivaC_RTOS\empty_EK_TM4C123GXL_TI\src\sysbios\sysbios.aem4f
       BIOS.obj                     9988    0         0      
       m3_Hwi_asm.obj               314     0         0      
       m3_TaskSupport_asm.obj       180     0         0      
       m3_Hwi_asm_switch.obj        118     0         0      
    +--+----------------------------+-------+---------+---------+
       Total:                       10600   0         0      
                                                             
    C:\ti\ccsv8\tools\compiler\ti-cgt-arm_18.1.3.LTS\lib\rtsv7M4_T_le_v4SPD16_eabi.lib
       trgmsg.c.obj                 108     0         288    
       memcpy_t2.asm.obj            156     0         0      
       memset_t2.asm.obj            122     0         0      
       copy_decompress_lzss.c.obj   104     0         0      
       hostwrite.c.obj              88      0         0      
       cpy_tbl.c.obj                76      0         0      
       u_divt2.asm.obj              64      0         0      
       _lock.c.obj                  26      0         8      
       args_main.c.obj              24      0         0      
       strlen.c.obj                 20      0         0      
       copy_decompress_none.c.obj   14      0         0      
       copy_zero_init.c.obj         12      0         0      
       hostopen.c.obj               0       0         8      
       exit.c.obj                   4       0         0      
       stkdepth_vars.c.obj          0       0         4      
       div0.asm.obj                 2       0         0      
    +--+----------------------------+-------+---------+---------+
       Total:                       820     0         308    
                                                             
    C:\ti\tirtos_tivac_2_16_00_08\products\bios_6_45_01_29\packages\ti\catalog\arm\cortexm4\tiva\ce\lib\Boot.aem4f
       Boot_sysctl.oem4f            262     0         0      
       Boot.oem4f                   152     0         0      
    +--+----------------------------+-------+---------+---------+
       Total:                       414     0         0      
                                                             
    C:\ti\tirtos_tivac_2_16_00_08\products\bios_6_45_01_29\packages\ti\targets\arm\rtsarm\lib\auto_init.aem4f
       auto_init.oem4f              160     0         0      
    +--+----------------------------+-------+---------+---------+
       Total:                       160     0         0      
                                                             
    C:\ti\tirtos_tivac_2_16_00_08\products\bios_6_45_01_29\packages\ti\targets\arm\rtsarm\lib\boot.aem4f
       boot.oem4f                   88      0         0      
    +--+----------------------------+-------+---------+---------+
       Total:                       88      0         0      
                                                             
    C:\ti\tirtos_tivac_2_16_00_08\products\bios_6_45_01_29\packages\ti\targets\arm\rtsarm\lib\ti.targets.arm.rtsarm.aem4f
       System.oem4f                 1255    0         0      
       HeapStd.oem4f                714     0         0      
       Text.oem4f                   672     0         0      
       Error.oem4f                  524     0         0      
       Core-mem.oem4f               358     0         0      
       Startup.oem4f                328     0         0      
       SysMin.oem4f                 248     0         0      
       Core-smem.oem4f              204     0         0      
       Memory.oem4f                 176     0         0      
       Assert.oem4f                 84      0         0      
       Core-params.oem4f            70      0         0      
       Core-label.oem4f             52      0         0      
       Registry.oem4f               32      0         0      
       Gate.oem4f                   28      0         0      
    +--+----------------------------+-------+---------+---------+
       Total:                       4745    0         0      
                                                             
       Stack:                       0       0         1024   
       Linker Generated:            0       461       0      
    +--+----------------------------+-------+---------+---------+
       Grand Total:                 19021   7164      4632   


LINKER GENERATED COPY TABLES

__TI_cinit_table @ 000066b8 records: 3, size/record: 8, table size: 24
	.data: load addr=00006500, load size=00000199 bytes, run addr=20000e68, run size=000003b0 bytes, compression=lzss
	.bss: load addr=000066a8, load size=00000008 bytes, run addr=20000360, run size=00000708 bytes, compression=zero_init
	.vecs: load addr=000066b0, load size=00000008 bytes, run addr=20000000, run size=00000360 bytes, compression=zero_init


LINKER GENERATED HANDLER TABLE

__TI_handler_table @ 0000669c records: 3, size/record: 4, table size: 12
	index: 0, handler: __TI_decompress_lzss
	index: 1, handler: __TI_decompress_none
	index: 2, handler: __TI_zero_init


GLOBAL SYMBOLS: SORTED ALPHABETICALLY BY Name 

address   name                                                              
-------   ----                                                              
000007bd  C$$EXIT                                                           
00003d93  C$$IO$$                                                           
00004261  GPIODirModeSet                                                    
00001741  GPIOPadConfigSet                                                  
00004769  GPIOPinTypeGPIOOutput                                             
00003413  GPIOPinWrite                                                      
000036b1  HOSTwrite                                                         
UNDEFED   SHT$$INIT_ARRAY$$Base                                             
UNDEFED   SHT$$INIT_ARRAY$$Limit                                            
00001f89  SysCtlClockSet                                                    
00003ff3  SysCtlDelay                                                       
00003e81  SysCtlPeripheralEnable                                            
00000000  __ASM__                                                           
200008c0  __CIOBUF_                                                         
000000a7  __ISA__                                                           
000000ba  __PLAT__                                                          
20000e68  __STACK_END                                                       
00000400  __STACK_SIZE                                                      
000000db  __TARG__                                                          
000066b8  __TI_CINIT_Base                                                   
000066d0  __TI_CINIT_Limit                                                  
0000669c  __TI_Handler_Table_Base                                           
000066a8  __TI_Handler_Table_Limit                                          
00002a91  __TI_auto_init                                                    
00003345  __TI_decompress_lzss                                              
000049b9  __TI_decompress_none                                              
ffffffff  __TI_pprof_out_hndl                                               
ffffffff  __TI_prof_data_size                                               
ffffffff  __TI_prof_data_start                                              
00003eb5  __TI_readmsg                                                      
00006500  __TI_static_base__                                                
00003d65  __TI_writemsg                                                     
00004a19  __TI_zero_init                                                    
00000101  __TRDR__                                                          
00002da7  __aeabi_idiv0                                                     
00002da7  __aeabi_ldiv0                                                     
00003115  __aeabi_memclr                                                    
00003115  __aeabi_memclr4                                                   
00003115  __aeabi_memclr8                                                   
00002bd1  __aeabi_memcpy                                                    
00002bd1  __aeabi_memcpy4                                                   
00002bd1  __aeabi_memcpy8                                                   
00003117  __aeabi_memset                                                    
00003117  __aeabi_memset4                                                   
00003117  __aeabi_memset8                                                   
00003c69  __aeabi_uidiv                                                     
00003c69  __aeabi_uidivmod                                                  
ffffffff  __binit__                                                         
ffffffff  __c_args__                                                        
20000a68  __stack                                                           
00004781  _args_main                                                        
00003659  _c_int00                                                          
200011a8  _lock                                                             
00002c6d  _nop                                                              
00004a01  _register_lock                                                    
00004a0d  _register_unlock                                                  
200011ac  _unlock                                                           
000007bd  abort                                                             
ffffffff  binit                                                             
00003901  copy_in                                                           
00000aad  ff_memalloc                                                       
00002c6f  ff_memfree                                                        
00002c6f  free                                                              
0000402d  hardware_init                                                     
00004a25  main                                                              
200011f8  main_func_sp                                                      
00000aad  malloc                                                            
00002c6f  mem_Free                                                          
00002bd1  memcpy                                                            
0000311d  memset                                                            
00004959  osi_TaskDisable                                                   
000048f9  osi_start                                                         
20000a60  parmbuf                                                           
0000486f  strlen                                                            
000062cc  ti_catalog_arm_cortexm4_tiva_ce_Boot_A_mustUseEnhancedClockMode__C
000062d0  ti_catalog_arm_cortexm4_tiva_ce_Boot_Module__diagsEnabled__C      
000062d4  ti_catalog_arm_cortexm4_tiva_ce_Boot_Module__diagsIncluded__C     
000062d8  ti_catalog_arm_cortexm4_tiva_ce_Boot_Module__diagsMask__C         
000064d0  ti_catalog_arm_cortexm4_tiva_ce_Boot_Module__id__C                
000049f5  ti_catalog_arm_cortexm4_tiva_ce_Boot_init__I                      
00001aa5  ti_catalog_arm_cortexm4_tiva_ce_Boot_sysCtlClockSetI__I           
00002da9  ti_catalog_arm_cortexm4_tiva_ce_Boot_sysCtlClockSet__E            
00004ac9  ti_catalog_arm_cortexm4_tiva_ce_Boot_sysCtlDelayI__I              
200010f8  ti_sysbios_BIOS_Module__state__V                                  
000046cd  ti_sysbios_BIOS_RtsGateProxy_Handle__label__S                     
000043e5  ti_sysbios_BIOS_RtsGateProxy_Object__delete__S                    
00000cad  ti_sysbios_BIOS_RtsGateProxy_enter__E                             
00000e25  ti_sysbios_BIOS_RtsGateProxy_leave__E                             
00004af9  ti_sysbios_BIOS_RtsGateProxy_query__E                             
0000405d  ti_sysbios_BIOS_atExitFunc__I                                     
0000432d  ti_sysbios_BIOS_errorRaiseHook__I                                 
00004859  ti_sysbios_BIOS_exitFunc__I                                       
00002ed5  ti_sysbios_BIOS_nullFunc__I                                       
00004351  ti_sysbios_BIOS_registerRTSLock__I                                
00004375  ti_sysbios_BIOS_removeRTSLock__I                                  
00004495  ti_sysbios_BIOS_rtsLock__I                                        
00004799  ti_sysbios_BIOS_rtsUnlock__I                                      
000048e9  ti_sysbios_BIOS_setThreadType__E                                  
00004399  ti_sysbios_BIOS_startFunc__I                                      
000048f9  ti_sysbios_BIOS_start__E                                          
2000106c  ti_sysbios_family_arm_lm4_Timer_Module_State_0_device__A          
20001154  ti_sysbios_family_arm_lm4_Timer_Module_State_0_handles__A         
000047b1  ti_sysbios_family_arm_lm4_Timer_Module__startupDone__F            
000047b1  ti_sysbios_family_arm_lm4_Timer_Module__startupDone__S            
20001184  ti_sysbios_family_arm_lm4_Timer_Module__state__V                  
00003419  ti_sysbios_family_arm_lm4_Timer_Module_startup__E                 
20000ff8  ti_sysbios_family_arm_lm4_Timer_Object__table__V                  
000062dc  ti_sysbios_family_arm_lm4_Timer_enableFunc__C                     
000027f1  ti_sysbios_family_arm_lm4_Timer_enableTimers__I                   
00002691  ti_sysbios_family_arm_lm4_Timer_enableTiva__I                     
00004a31  ti_sysbios_family_arm_lm4_Timer_getMaxTicks__E                    
00003481  ti_sysbios_family_arm_lm4_Timer_isrStub__E                        
00004aad  ti_sysbios_family_arm_lm4_Timer_masterDisable__I                  
000010f5  ti_sysbios_family_arm_lm4_Timer_masterEnable__I                   
000062e0  ti_sysbios_family_arm_lm4_Timer_numTimerDevices__C                
00000e29  ti_sysbios_family_arm_lm4_Timer_start__E                          
000062e4  ti_sysbios_family_arm_lm4_Timer_startupNeeded__C                  
00003ca9  ti_sysbios_family_arm_lm4_Timer_startup__E                        
00003b11  ti_sysbios_family_arm_lm4_Timer_stop__E                           
00004451  ti_sysbios_family_arm_lm4_Timer_write__I                          
000062e8  ti_sysbios_family_arm_m3_Hwi_E_NMI__C                             
000062ec  ti_sysbios_family_arm_m3_Hwi_E_busFault__C                        
000062f0  ti_sysbios_family_arm_m3_Hwi_E_debugMon__C                        
000062f4  ti_sysbios_family_arm_m3_Hwi_E_hardFault__C                       
000062f8  ti_sysbios_family_arm_m3_Hwi_E_memFault__C                        
000062fc  ti_sysbios_family_arm_m3_Hwi_E_noIsr__C                           
00006300  ti_sysbios_family_arm_m3_Hwi_E_reserved__C                        
00006304  ti_sysbios_family_arm_m3_Hwi_E_svCall__C                          
00006308  ti_sysbios_family_arm_m3_Hwi_E_usageFault__C                      
00004699  ti_sysbios_family_arm_m3_Hwi_Handle__label__S                     
0000630c  ti_sysbios_family_arm_m3_Hwi_LD_end__C                            
00006310  ti_sysbios_family_arm_m3_Hwi_LM_begin__C                          
20001214  ti_sysbios_family_arm_m3_Hwi_Module_State_0_excActive__A          
200011fc  ti_sysbios_family_arm_m3_Hwi_Module_State_0_excContext__A         
20001200  ti_sysbios_family_arm_m3_Hwi_Module_State_0_excStack__A           
00006314  ti_sysbios_family_arm_m3_Hwi_Module__diagsEnabled__C              
00006318  ti_sysbios_family_arm_m3_Hwi_Module__diagsIncluded__C             
0000631c  ti_sysbios_family_arm_m3_Hwi_Module__diagsMask__C                 
000064d2  ti_sysbios_family_arm_m3_Hwi_Module__id__C                        
000064d4  ti_sysbios_family_arm_m3_Hwi_Module__loggerDefined__C             
00006320  ti_sysbios_family_arm_m3_Hwi_Module__loggerFxn1__C                
00006324  ti_sysbios_family_arm_m3_Hwi_Module__loggerFxn8__C                
00006328  ti_sysbios_family_arm_m3_Hwi_Module__loggerObj__C                 
000047c9  ti_sysbios_family_arm_m3_Hwi_Module__startupDone__F               
000047c9  ti_sysbios_family_arm_m3_Hwi_Module__startupDone__S               
20001038  ti_sysbios_family_arm_m3_Hwi_Module__state__V                     
00003811  ti_sysbios_family_arm_m3_Hwi_Module_startup__E                    
0000632c  ti_sysbios_family_arm_m3_Hwi_NUM_INTERRUPTS__C                    
00006330  ti_sysbios_family_arm_m3_Hwi_Object__count__C                     
00004885  ti_sysbios_family_arm_m3_Hwi_Object__get__S                       
2000116c  ti_sysbios_family_arm_m3_Hwi_Object__table__V                     
00006334  ti_sysbios_family_arm_m3_Hwi_ccr__C                               
000039f1  ti_sysbios_family_arm_m3_Hwi_disableInterrupt__E                  
00001609  ti_sysbios_family_arm_m3_Hwi_dispatchC__I                         
20000360  ti_sysbios_family_arm_m3_Hwi_dispatchTable                        
00001e95  ti_sysbios_family_arm_m3_Hwi_dispatch__I                          
00004ab9  ti_sysbios_family_arm_m3_Hwi_doSwiRestore__I                      
000043c1  ti_sysbios_family_arm_m3_Hwi_doTaskRestore__I                     
00003a39  ti_sysbios_family_arm_m3_Hwi_enableInterrupt__E                   
00000cb1  ti_sysbios_family_arm_m3_Hwi_excBusFault__I                       
000022e1  ti_sysbios_family_arm_m3_Hwi_excDebugMon__I                       
00000041  ti_sysbios_family_arm_m3_Hwi_excDumpRegs__I                       
000044b5  ti_sysbios_family_arm_m3_Hwi_excHandlerAsm__I                     
00006338  ti_sysbios_family_arm_m3_Hwi_excHandlerFunc__C                    
00000ab1  ti_sysbios_family_arm_m3_Hwi_excHandlerMax__I                     
000044d9  ti_sysbios_family_arm_m3_Hwi_excHandler__I                        
000023a1  ti_sysbios_family_arm_m3_Hwi_excHardFault__I                      
000062ac  ti_sysbios_family_arm_m3_Hwi_excHookFuncs__A                      
0000633c  ti_sysbios_family_arm_m3_Hwi_excHookFuncs__C                      
000010f9  ti_sysbios_family_arm_m3_Hwi_excMemFault__I                       
00003ee9  ti_sysbios_family_arm_m3_Hwi_excNmi__I                            
00003da1  ti_sysbios_family_arm_m3_Hwi_excNoIsr__I                          
00003a81  ti_sysbios_family_arm_m3_Hwi_excReserved__I                       
00003ce9  ti_sysbios_family_arm_m3_Hwi_excSvCall__I                         
00000f91  ti_sysbios_family_arm_m3_Hwi_excUsageFault__I                     
00003b59  ti_sysbios_family_arm_m3_Hwi_getStackInfo__E                      
00002e41  ti_sysbios_family_arm_m3_Hwi_initNVIC__E                          
00003709  ti_sysbios_family_arm_m3_Hwi_initStacks__E                        
00006340  ti_sysbios_family_arm_m3_Hwi_nullIsrFunc__C                       
e000e000  ti_sysbios_family_arm_m3_Hwi_nvic                                 
000042e1  ti_sysbios_family_arm_m3_Hwi_pendSV__I                            
00003091  ti_sysbios_family_arm_m3_Hwi_postInit__I                          
00006344  ti_sysbios_family_arm_m3_Hwi_priGroup__C                          
20000000  ti_sysbios_family_arm_m3_Hwi_ramVectors                           
00000000  ti_sysbios_family_arm_m3_Hwi_resetVectors                         
00004305  ti_sysbios_family_arm_m3_Hwi_return                               
00004ac1  ti_sysbios_family_arm_m3_Hwi_startup__E                           
00004899  ti_sysbios_family_arm_m3_Hwi_switchFromBootStack__E               
00001385  ti_sysbios_family_arm_m3_TaskSupport_Module__startupDone__S       
00003001  ti_sysbios_family_arm_m3_TaskSupport_buildTaskStack               
00004a41  ti_sysbios_family_arm_m3_TaskSupport_checkStack__E                
00004909  ti_sysbios_family_arm_m3_TaskSupport_glue                         
00004091  ti_sysbios_family_arm_m3_TaskSupport_start__E                     
000047e1  ti_sysbios_family_arm_m3_TaskSupport_swap__E                      
00004599  ti_sysbios_family_xxx_Hwi_switchAndRunFunc                        
000046b3  ti_sysbios_gates_GateHwi_Handle__label__S                         
00004b09  ti_sysbios_gates_GateHwi_Instance_init__E                         
000060fc  ti_sysbios_gates_GateHwi_Module__FXNS__C                          
200011b0  ti_sysbios_gates_GateHwi_Module__root__V                          
00006168  ti_sysbios_gates_GateHwi_Object__DESC__C                          
00006244  ti_sysbios_gates_GateHwi_Object__PARAMS__C                        
000040c1  ti_sysbios_gates_GateHwi_Object__create__S                        
000044f9  ti_sysbios_gates_GateHwi_Object__delete__S                        
20001204  ti_sysbios_gates_GateHwi_Object__table__V                         
00004a51  ti_sysbios_gates_GateHwi_enter__E                                 
00004ad1  ti_sysbios_gates_GateHwi_leave__E                                 
00004af1  ti_sysbios_gates_GateHwi_query__E                                 
00006348  ti_sysbios_gates_GateMutex_A_badContext__C                        
000046cd  ti_sysbios_gates_GateMutex_Handle__label__S                       
0000634c  ti_sysbios_gates_GateMutex_Instance_State_sem__O                  
00004919  ti_sysbios_gates_GateMutex_Instance_finalize__E                   
000045b9  ti_sysbios_gates_GateMutex_Instance_init__E                       
00006120  ti_sysbios_gates_GateMutex_Module__FXNS__C                        
00006350  ti_sysbios_gates_GateMutex_Module__diagsEnabled__C                
00006354  ti_sysbios_gates_GateMutex_Module__diagsIncluded__C               
00006358  ti_sysbios_gates_GateMutex_Module__diagsMask__C                   
000064d6  ti_sysbios_gates_GateMutex_Module__id__C                          
200011b8  ti_sysbios_gates_GateMutex_Module__root__V                        
00006188  ti_sysbios_gates_GateMutex_Object__DESC__C                        
0000625c  ti_sysbios_gates_GateMutex_Object__PARAMS__C                      
000040f1  ti_sysbios_gates_GateMutex_Object__create__S                      
000043e5  ti_sysbios_gates_GateMutex_Object__delete__S                      
2000111c  ti_sysbios_gates_GateMutex_Object__table__V                       
00002521  ti_sysbios_gates_GateMutex_enter__E                               
000047f9  ti_sysbios_gates_GateMutex_leave__E                               
00004af9  ti_sysbios_gates_GateMutex_query__E                               
0000635c  ti_sysbios_hal_Hwi_E_stackOverflow__C                             
00004699  ti_sysbios_hal_Hwi_HwiProxy_Handle__label__S                      
000047c9  ti_sysbios_hal_Hwi_HwiProxy_Module__startupDone__S                
000039f1  ti_sysbios_hal_Hwi_HwiProxy_disableInterrupt__E                   
00003a39  ti_sysbios_hal_Hwi_HwiProxy_enableInterrupt__E                    
00003b59  ti_sysbios_hal_Hwi_HwiProxy_getStackInfo__E                       
00004ac1  ti_sysbios_hal_Hwi_HwiProxy_startup__E                            
[...]
00004a51  ti_sysbios_gates_GateHwi_enter__E                                 
00004a5d  ti_sysbios_knl_Queue_Object__get__S                               
00004a69  xdc_runtime_Error_init__E                                         
00004a75  xdc_runtime_Gate_enterSystem__E                                   
00004a81  xdc_runtime_Memory_calloc__E                                      
00004a8d  xdc_runtime_Memory_getMaxDefaultTypeAlign__E                      
00004a99  xdc_runtime_Memory_HeapProxy_alloc__E                             
00004aa3  xdc_runtime_Memory_HeapProxy_free__E                              
00004aad  ti_sysbios_family_arm_lm4_Timer_masterDisable__I                  
00004ab9  ti_sysbios_family_arm_m3_Hwi_doSwiRestore__I                      
00004ac1  ti_sysbios_family_arm_m3_Hwi_startup__E                           
00004ac1  ti_sysbios_hal_Hwi_HwiProxy_startup__E                            
00004ac1  ti_sysbios_hal_Hwi_startup__E                                     
00004ac9  ti_catalog_arm_cortexm4_tiva_ce_Boot_sysCtlDelayI__I              
00004ad1  ti_sysbios_gates_GateHwi_leave__E                                 
00004ad9  ti_sysbios_knl_Queue_Instance_init__E                             
00004ae1  ti_sysbios_knl_Swi_startup__E                                     
00004ae7  xdc_runtime_System_Module_startup__E                              
00004af1  ti_sysbios_gates_GateHwi_query__E                                 
00004af1  xdc_runtime_Main_Module_GateProxy_query__E                        
00004af1  xdc_runtime_System_Module_GateProxy_query__E                      
00004af9  ti_sysbios_BIOS_RtsGateProxy_query__E                             
00004af9  ti_sysbios_gates_GateMutex_query__E                               
00004b01  ti_sysbios_knl_Task_startup__E                                    
00004b09  ti_sysbios_gates_GateHwi_Instance_init__E                         
00004b0c  xdc_runtime_Text_charTab__A                                       
00005fd4  xdc_runtime_Text_nodeTab__A                                       
000060d4  xdc_runtime_HeapStd_Module__FXNS__C                               
000060fc  ti_sysbios_gates_GateHwi_Module__FXNS__C                          
00006120  ti_sysbios_gates_GateMutex_Module__FXNS__C                        
00006144  ti_sysbios_knl_Semaphore_Object__PARAMS__C                        
00006168  ti_sysbios_gates_GateHwi_Object__DESC__C                          
00006188  ti_sysbios_gates_GateMutex_Object__DESC__C                        
000061a8  ti_sysbios_knl_Queue_Object__DESC__C                              
000061c8  ti_sysbios_knl_Semaphore_Object__DESC__C                          
000061e8  xdc_runtime_HeapStd_Object__DESC__C                               
00006208  xdc_runtime_Startup_sfxnTab__A                                    
00006228  xdc_runtime_HeapStd_Object__PARAMS__C                             
00006244  ti_sysbios_gates_GateHwi_Object__PARAMS__C                        
0000625c  ti_sysbios_gates_GateMutex_Object__PARAMS__C                      
00006274  ti_sysbios_knl_Queue_Object__PARAMS__C                            
0000628c  xdc_runtime_Startup_firstFxns__A                                  
0000629c  xdc_runtime_Startup_sfxnRts__A                                    
000062ac  ti_sysbios_family_arm_m3_Hwi_excHookFuncs__A                      
000062b4  ti_sysbios_knl_Idle_funcList__C                                   
000062bc  xdc_runtime_Startup_firstFxns__C                                  
000062c4  xdc_runtime_Startup_lastFxns__C                                   
000062cc  ti_catalog_arm_cortexm4_tiva_ce_Boot_A_mustUseEnhancedClockMode__C
000062d0  ti_catalog_arm_cortexm4_tiva_ce_Boot_Module__diagsEnabled__C      
000062d4  ti_catalog_arm_cortexm4_tiva_ce_Boot_Module__diagsIncluded__C     
000062d8  ti_catalog_arm_cortexm4_tiva_ce_Boot_Module__diagsMask__C         
000062dc  ti_sysbios_family_arm_lm4_Timer_enableFunc__C                     
000062e0  ti_sysbios_family_arm_lm4_Timer_numTimerDevices__C                
000062e4  ti_sysbios_family_arm_lm4_Timer_startupNeeded__C                  
000062e8  ti_sysbios_family_arm_m3_Hwi_E_NMI__C                             
000062ec  ti_sysbios_family_arm_m3_Hwi_E_busFault__C                        
000062f0  ti_sysbios_family_arm_m3_Hwi_E_debugMon__C                        
000062f4  ti_sysbios_family_arm_m3_Hwi_E_hardFault__C                       
000062f8  ti_sysbios_family_arm_m3_Hwi_E_memFault__C                        
000062fc  ti_sysbios_family_arm_m3_Hwi_E_noIsr__C                           
00006300  ti_sysbios_family_arm_m3_Hwi_E_reserved__C                        
00006304  ti_sysbios_family_arm_m3_Hwi_E_svCall__C                          
00006308  ti_sysbios_family_arm_m3_Hwi_E_usageFault__C                      
0000630c  ti_sysbios_family_arm_m3_Hwi_LD_end__C                            
00006310  ti_sysbios_family_arm_m3_Hwi_LM_begin__C                          
00006314  ti_sysbios_family_arm_m3_Hwi_Module__diagsEnabled__C              
00006318  ti_sysbios_family_arm_m3_Hwi_Module__diagsIncluded__C             
0000631c  ti_sysbios_family_arm_m3_Hwi_Module__diagsMask__C                 
00006320  ti_sysbios_family_arm_m3_Hwi_Module__loggerFxn1__C                
00006324  ti_sysbios_family_arm_m3_Hwi_Module__loggerFxn8__C                
00006328  ti_sysbios_family_arm_m3_Hwi_Module__loggerObj__C                 
0000632c  ti_sysbios_family_arm_m3_Hwi_NUM_INTERRUPTS__C                    
00006330  ti_sysbios_family_arm_m3_Hwi_Object__count__C                     
00006334  ti_sysbios_family_arm_m3_Hwi_ccr__C                               
00006338  ti_sysbios_family_arm_m3_Hwi_excHandlerFunc__C                    
0000633c  ti_sysbios_family_arm_m3_Hwi_excHookFuncs__C                      
00006340  ti_sysbios_family_arm_m3_Hwi_nullIsrFunc__C                       
00006344  ti_sysbios_family_arm_m3_Hwi_priGroup__C                          
00006348  ti_sysbios_gates_GateMutex_A_badContext__C                        
0000634c  ti_sysbios_gates_GateMutex_Instance_State_sem__O                  
00006350  ti_sysbios_gates_GateMutex_Module__diagsEnabled__C                
00006354  ti_sysbios_gates_GateMutex_Module__diagsIncluded__C               
00006358  ti_sysbios_gates_GateMutex_Module__diagsMask__C                   
0000635c  ti_sysbios_hal_Hwi_E_stackOverflow__C                             
00006360  ti_sysbios_knl_Clock_LM_begin__C                                  
00006364  ti_sysbios_knl_Clock_LM_tick__C                                   
00006368  ti_sysbios_knl_Clock_LW_delayed__C                                
0000636c  ti_sysbios_knl_Clock_Module_State_clockQ__O                       
00006370  ti_sysbios_knl_Clock_Module__diagsEnabled__C                      
00006374  ti_sysbios_knl_Clock_Module__diagsIncluded__C                     
00006378  ti_sysbios_knl_Clock_Module__diagsMask__C                         
0000637c  ti_sysbios_knl_Clock_Module__loggerFxn1__C                        
00006380  ti_sysbios_knl_Clock_Module__loggerFxn2__C                        
00006384  ti_sysbios_knl_Clock_Module__loggerObj__C                         
00006388  ti_sysbios_knl_Idle_funcList__A                                   
0000638c  ti_sysbios_knl_Semaphore_A_badContext__C                          
00006390  ti_sysbios_knl_Semaphore_A_noEvents__C                            
00006394  ti_sysbios_knl_Semaphore_A_overflow__C                            
00006398  ti_sysbios_knl_Semaphore_A_pendTaskDisabled__C                    
0000639c  ti_sysbios_knl_Semaphore_Instance_State_pendQ__O                  
000063a0  ti_sysbios_knl_Semaphore_LM_pend__C                               
000063a4  ti_sysbios_knl_Semaphore_LM_post__C                               
000063a8  ti_sysbios_knl_Semaphore_Module__diagsEnabled__C                  
000063ac  ti_sysbios_knl_Semaphore_Module__diagsIncluded__C                 
000063b0  ti_sysbios_knl_Semaphore_Module__diagsMask__C                     
000063b4  ti_sysbios_knl_Semaphore_Module__loggerFxn2__C                    
000063b8  ti_sysbios_knl_Semaphore_Module__loggerFxn4__C                    
000063bc  ti_sysbios_knl_Semaphore_Module__loggerObj__C                     
000063c0  ti_sysbios_knl_Swi_LD_end__C                                      
000063c4  ti_sysbios_knl_Swi_LM_begin__C                                    
000063c8  ti_sysbios_knl_Swi_LM_post__C                                     
000063cc  ti_sysbios_knl_Swi_Module__diagsEnabled__C                        
000063d0  ti_sysbios_knl_Swi_Module__diagsIncluded__C                       
000063d4  ti_sysbios_knl_Swi_Module__diagsMask__C                           
000063d8  ti_sysbios_knl_Swi_Module__loggerFxn1__C                          
000063dc  ti_sysbios_knl_Swi_Module__loggerFxn4__C                          
000063e0  ti_sysbios_knl_Swi_Module__loggerObj__C                           
000063e4  ti_sysbios_knl_Swi_Object__count__C                               
000063e8  ti_sysbios_knl_Task_E_spOutOfBounds__C                            
000063ec  ti_sysbios_knl_Task_E_stackOverflow__C                            
000063f0  ti_sysbios_knl_Task_LD_block__C                                   
000063f4  ti_sysbios_knl_Task_LD_exit__C                                    
000063f8  ti_sysbios_knl_Task_LD_ready__C                                   
000063fc  ti_sysbios_knl_Task_LM_switch__C                                  
00006400  ti_sysbios_knl_Task_Module_State_inactiveQ__O                     
00006404  ti_sysbios_knl_Task_Module__diagsEnabled__C                       
00006408  ti_sysbios_knl_Task_Module__diagsIncluded__C                      
0000640c  ti_sysbios_knl_Task_Module__diagsMask__C                          
00006410  ti_sysbios_knl_Task_Module__loggerFxn2__C                         
00006414  ti_sysbios_knl_Task_Module__loggerFxn4__C                         
00006418  ti_sysbios_knl_Task_Module__loggerObj__C                          
0000641c  ti_sysbios_knl_Task_Object__count__C                              
00006420  ti_sysbios_knl_Task_allBlockedFunc__C                             
00006424  ti_sysbios_knl_Task_numConstructedTasks__C                        
00006428  xdc_runtime_Assert_E_assertFailed__C                              
0000642c  xdc_runtime_Core_A_initializedParams__C                           
00006430  xdc_runtime_Core_Module__diagsEnabled__C                          
00006434  xdc_runtime_Core_Module__diagsIncluded__C                         
00006438  xdc_runtime_Core_Module__diagsMask__C                             
0000643c  xdc_runtime_Error_E_memory__C                                     
00006440  xdc_runtime_Error_Module__diagsEnabled__C                         
00006444  xdc_runtime_Error_Module__diagsIncluded__C                        
00006448  xdc_runtime_Error_Module__diagsMask__C                            
0000644c  xdc_runtime_Error_Module__loggerFxn8__C                           
00006450  xdc_runtime_Error_Module__loggerObj__C                            
00006454  xdc_runtime_Error_policyFxn__C                                    
00006458  xdc_runtime_Error_raiseHook__C                                    
0000645c  xdc_runtime_HeapStd_A_align__C                                    
00006460  xdc_runtime_HeapStd_A_invalidTotalFreeSize__C                     
00006464  xdc_runtime_HeapStd_A_zeroSize__C                                 
00006468  xdc_runtime_HeapStd_E_noRTSMemory__C                              
0000646c  xdc_runtime_HeapStd_Module__diagsEnabled__C                       
00006470  xdc_runtime_HeapStd_Module__diagsIncluded__C                      
00006474  xdc_runtime_HeapStd_Module__diagsMask__C                          
00006478  xdc_runtime_IGateProvider_Interface__BASE__C                      
0000647c  xdc_runtime_IHeap_Interface__BASE__C                              
00006480  xdc_runtime_IModule_Interface__BASE__C                            
00006484  xdc_runtime_Log_L_error__C                                        
00006488  xdc_runtime_Memory_defaultHeapInstance__C                         
0000648c  xdc_runtime_Startup_execImpl__C                                   
00006490  xdc_runtime_Startup_maxPasses__C                                  
00006494  xdc_runtime_Startup_sfxnRts__C                                    
00006498  xdc_runtime_Startup_sfxnTab__C                                    
0000649c  xdc_runtime_SysMin_bufSize__C                                     
000064a0  xdc_runtime_SysMin_outputFunc__C                                  
000064a4  xdc_runtime_System_Module__gateObj__C                             
000064a8  xdc_runtime_System_abortFxn__C                                    
000064ac  xdc_runtime_System_exitFxn__C                                     
000064b0  xdc_runtime_System_extendFxn__C                                   
000064b4  xdc_runtime_System_maxAtexitHandlers__C                           
000064b8  xdc_runtime_Text_charTab__C                                       
000064bc  xdc_runtime_Text_nameEmpty__C                                     
000064c0  xdc_runtime_Text_nameStatic__C                                    
000064c4  xdc_runtime_Text_nameUnknown__C                                   
000064c8  xdc_runtime_Text_nodeTab__C                                       
000064cc  xdc_runtime_Text_visitRopeFxn__C                                  
000064d0  ti_catalog_arm_cortexm4_tiva_ce_Boot_Module__id__C                
000064d2  ti_sysbios_family_arm_m3_Hwi_Module__id__C                        
000064d4  ti_sysbios_family_arm_m3_Hwi_Module__loggerDefined__C             
000064d6  ti_sysbios_gates_GateMutex_Module__id__C                          
000064d8  ti_sysbios_hal_Hwi_Module__id__C                                  
000064da  ti_sysbios_knl_Clock_Module__id__C                                
000064dc  ti_sysbios_knl_Clock_Module__loggerDefined__C                     
000064de  ti_sysbios_knl_Semaphore_Module__id__C                            
000064e0  ti_sysbios_knl_Semaphore_Module__loggerDefined__C                 
000064e2  ti_sysbios_knl_Swi_Module__id__C                                  
000064e4  ti_sysbios_knl_Swi_Module__loggerDefined__C                       
000064e6  ti_sysbios_knl_Task_Module__id__C                                 
000064e8  ti_sysbios_knl_Task_Module__loggerDefined__C                      
000064ea  xdc_runtime_Core_Module__id__C                                    
000064ec  xdc_runtime_Error_Module__loggerDefined__C                        
000064ee  xdc_runtime_Error_maxDepth__C                                     
000064f0  xdc_runtime_HeapStd_Module__id__C                                 
000064f2  xdc_runtime_Memory_Module__id__C                                  
000064f4  xdc_runtime_SysMin_flushAtExit__C                                 
000064f6  xdc_runtime_Text_charCnt__C                                       
000064f8  xdc_runtime_Text_isLoaded__C                                      
000064fa  xdc_runtime_Text_registryModsLastId__C                            
000064fc  xdc_runtime_Text_unnamedModsLastId__C                             
000064fe  xdc_runtime_Error_policy__C                                       
00006500  __TI_static_base__                                                
0000669c  __TI_Handler_Table_Base                                           
000066a8  __TI_Handler_Table_Limit                                          
000066b8  __TI_CINIT_Base                                                   
000066d0  __TI_CINIT_Limit                                                  
20000000  ti_sysbios_family_arm_m3_Hwi_ramVectors                           
20000360  ti_sysbios_family_arm_m3_Hwi_dispatchTable                        
200006c0  ti_sysbios_knl_Task_Instance_State_0_stack__A                     
200008c0  __CIOBUF_                                                         
200009e0  xdc_runtime_SysMin_Module_State_0_outbuf__A                       
20000a60  parmbuf                                                           
20000a68  __stack                                                           
20000e68  __STACK_END                                                       
20000e68  ti_sysbios_knl_Swi_Module_State_0_readyQ__A                       
20000ee8  ti_sysbios_knl_Task_Module_State_0_readyQ__A                      
20000f68  ti_sysbios_knl_Task_Object__table__V                              
20000fb4  ti_sysbios_knl_Task_Module__state__V                              
20000ff8  ti_sysbios_family_arm_lm4_Timer_Object__table__V                  
20001038  ti_sysbios_family_arm_m3_Hwi_Module__state__V                     
2000106c  ti_sysbios_family_arm_lm4_Timer_Module_State_0_device__A          
2000109c  ti_sysbios_knl_Swi_Object__table__V                               
200010cc  ti_sysbios_knl_Clock_Module__state__V                             
200010f8  ti_sysbios_BIOS_Module__state__V                                  
2000111c  ti_sysbios_gates_GateMutex_Object__table__V                       
20001138  ti_sysbios_knl_Swi_Module__state__V                               
20001154  ti_sysbios_family_arm_lm4_Timer_Module_State_0_handles__A         
2000116c  ti_sysbios_family_arm_m3_Hwi_Object__table__V                     
20001184  ti_sysbios_family_arm_lm4_Timer_Module__state__V                  
20001190  xdc_runtime_HeapStd_Object__table__V                              
2000119c  xdc_runtime_SysMin_Module__state__V                               
200011a8  _lock                                                             
200011ac  _unlock                                                           
200011b0  ti_sysbios_gates_GateHwi_Module__root__V                          
200011b8  ti_sysbios_gates_GateMutex_Module__root__V                        
200011c0  ti_sysbios_knl_Queue_Module__root__V                              
200011c8  ti_sysbios_knl_Semaphore_Module__root__V                          
200011d0  xdc_runtime_HeapStd_Module__root__V                               
200011d8  xdc_runtime_Registry_Module__state__V                             
200011e0  xdc_runtime_Startup_Module__state__V                              
200011e8  xdc_runtime_System_Module_State_0_atexitHandlers__A               
200011f0  xdc_runtime_System_Module__state__V                               
200011f8  main_func_sp                                                      
200011fc  ti_sysbios_family_arm_m3_Hwi_Module_State_0_excContext__A         
20001200  ti_sysbios_family_arm_m3_Hwi_Module_State_0_excStack__A           
20001204  ti_sysbios_gates_GateHwi_Object__table__V                         
20001208  ti_sysbios_knl_Task_Module_State_0_idleTask__A                    
2000120c  xdc_runtime_HeapStd_Module__state__V                              
20001210  xdc_runtime_Memory_Module__state__V                               
20001214  ti_sysbios_family_arm_m3_Hwi_Module_State_0_excActive__A          
20001216  xdc_runtime_Error_Module__state__V                                
e000e000  ti_sysbios_family_arm_m3_Hwi_nvic                                 
ffffffff  __TI_pprof_out_hndl                                               
ffffffff  __TI_prof_data_size                                               
ffffffff  __TI_prof_data_start                                              
ffffffff  __binit__                                                         
ffffffff  __c_args__                                                        
ffffffff  binit                                                             
UNDEFED   SHT$$INIT_ARRAY$$Base                                             
UNDEFED   SHT$$INIT_ARRAY$$Limit                                            

[533 symbols]
