******************************************************************************
                  TI ARM Linker PC v16.9.3                     
******************************************************************************
>> Linked Sun Oct 07 17:05:29 2018

OUTPUT FILE NAME:   <lab12.out>
ENTRY POINT SYMBOL: "_c_int00"  address: 00000a79


MEMORY CONFIGURATION

         name            origin    length      used     unused   attr    fill
----------------------  --------  ---------  --------  --------  ----  --------
  FLASH                 00000000   00040000  00000f56  0003f0aa  R  X
  SRAM                  20000000   00008000  0000007c  00007f84  RW X


SEGMENT ALLOCATION MAP

run origin  load origin   length   init length attrs members
----------  ----------- ---------- ----------- ----- -------
00000000    00000000    00000f5c   00000f5c    r-x
  00000000    00000000    0000026c   0000026c    r-- .intvecs
  0000026c    0000026c    00000b5a   00000b5a    r-x .text
  00000dc8    00000dc8    0000016c   0000016c    r-- .const
  00000f38    00000f38    00000024   00000024    r-- .cinit
20000000    20000000    0000007c   00000000    rw-
  20000000    20000000    00000064   00000000    rw- .stack
  20000064    20000064    00000018   00000000    rw- .data


SECTION ALLOCATION MAP

 output                                  attributes/
section   page    origin      length       input sections
--------  ----  ----------  ----------   ----------------
.intvecs   0    00000000    0000026c     
                  00000000    0000026c     tm4c123gh6pm_startup_ccs.obj (.intvecs)

.text      0    0000026c    00000b5a     
                  0000026c    000002f8     main.obj (.text)
                  00000564    00000132     driverlib.lib : gpio.obj (.text:GPIOPadConfigSet)
                  00000696    00000002     rtsv7M4_T_le_v4SPD16_eabi.lib : mpu_init.obj (.text)
                  00000698    00000110     driverlib.lib : sysctl.obj (.text:SysCtlClockGet)
                  000007a8    000000f4                   : sysctl.obj (.text:SysCtlClockSet)
                  0000089c    0000009c     rtsv7M4_T_le_v4SPD16_eabi.lib : memcpy_t2.obj (.text)
                  00000938    00000070                                   : autoinit.obj (.text)
                  000009a8    00000068     driverlib.lib : interrupt.obj (.text:IntEnable)
                  00000a10    00000068     rtsv7M4_T_le_v4SPD16_eabi.lib : copy_decompress_lzss.obj (.text:decompress:lzss)
                  00000a78    00000054                                   : boot.obj (.text)
                  00000acc    00000054                                   : exit.obj (.text)
                  00000b20    00000050     driverlib.lib : adc.obj (.text:ADCSequenceConfigure)
                  00000b70    0000004c     rtsv7M4_T_le_v4SPD16_eabi.lib : cpy_tbl.obj (.text)
                  00000bbc    00000048     driverlib.lib : gpio.obj (.text:GPIOPinConfigure)
                  00000c04    00000046                   : uart.obj (.text:UARTConfigSetExpClk)
                  00000c4a    00000002     rtsv7M4_T_le_v4SPD16_eabi.lib : startup.obj (.text)
                  00000c4c    00000034     driverlib.lib : sysctl.obj (.text:SysCtlPeripheralEnable)
                  00000c80    0000002a                   : gpio.obj (.text:GPIODirModeSet)
                  00000caa    00000002     --HOLE-- [fill = 0]
                  00000cac    00000020                   : uart.obj (.text:UARTDisable)
                  00000ccc    00000018                   : gpio.obj (.text:GPIOPinTypeGPIOOutput)
                  00000ce4    00000018     rtsv7M4_T_le_v4SPD16_eabi.lib : args_main.obj (.text)
                  00000cfc    00000014     driverlib.lib : uart.obj (.text:UARTEnable)
                  00000d10    00000014     rtsv7M4_T_le_v4SPD16_eabi.lib : _lock.obj (.text)
                  00000d24    00000012     driverlib.lib : gpio.obj (.text:GPIOPinTypeUART)
                  00000d36    00000010                   : interrupt.obj (.text:IntMasterEnable)
                  00000d46    0000000e                   : uart.obj (.text:UARTCharGetNonBlocking)
                  00000d54    0000000e                   : uart.obj (.text:UARTCharPutNonBlocking)
                  00000d62    0000000e                   : uart.obj (.text:UARTCharsAvail)
                  00000d70    0000000e     rtsv7M4_T_le_v4SPD16_eabi.lib : copy_decompress_none.obj (.text:decompress:none)
                  00000d7e    0000000c     driverlib.lib : cpu.obj (.text:CPUcpsie)
                  00000d8a    0000000c     tm4c123gh6pm_startup_ccs.obj (.text)
                  00000d96    0000000a     driverlib.lib : uart.obj (.text:UARTCharPut)
                  00000da0    0000000a                   : uart.obj (.text:UARTIntStatus)
                  00000daa    00000008                   : uart.obj (.text:UARTIntEnable)
                  00000db2    00000006                   : gpio.obj (.text:GPIOPinWrite)
                  00000db8    00000006                   : sysctl.obj (.text:SysCtlDelay)
                  00000dbe    00000004                   : uart.obj (.text:UARTIntClear)
                  00000dc2    00000004     rtsv7M4_T_le_v4SPD16_eabi.lib : pre_init.obj (.text)

.const     0    00000dc8    0000016c     
                  00000dc8    00000090     driverlib.lib : gpio.obj (.const:g_pui32GPIOBaseAddrs)
                  00000e58    00000070                   : interrupt.obj (.const)
                  00000ec8    0000006c                   : sysctl.obj (.const:g_pui32Xtals)

.cinit     0    00000f38    00000024     
                  00000f38    00000011     (.cinit..data.load) [load image, compression = lzss]
                  00000f49    00000003     --HOLE-- [fill = 0]
                  00000f4c    00000008     (__TI_handler_table)
                  00000f54    00000008     (__TI_cinit_table)

.init_array 
*          0    00000000    00000000     UNINITIALIZED

.stack     0    20000000    00000064     UNINITIALIZED
                  20000000    00000064     --HOLE--

.data      0    20000064    00000018     UNINITIALIZED
                  20000064    0000000c     rtsv7M4_T_le_v4SPD16_eabi.lib : exit.obj (.data:$O1$$)
                  20000070    00000008                                   : _lock.obj (.data:$O1$$)
                  20000078    00000004                                   : stkdepth_vars.obj (.data)

MODULE SUMMARY

       Module                         code   ro data   rw data
       ------                         ----   -------   -------
    .\
       main.obj                       760    0         0      
       tm4c123gh6pm_startup_ccs.obj   12     620       0      
    +--+------------------------------+------+---------+---------+
       Total:                         772    620       0      
                                                              
    C:/ti/TivaWare_C_Series-2.1.4.178/driverlib/ccs/Debug/driverlib.lib
       sysctl.obj                     574    108       0      
       gpio.obj                       468    144       0      
       interrupt.obj                  120    112       0      
       uart.obj                       196    0         0      
       adc.obj                        80     0         0      
       cpu.obj                        12     0         0      
    +--+------------------------------+------+---------+---------+
       Total:                         1450   364       0      
                                                              
    C:\ti\ccsv7\tools\compiler\ti-cgt-arm_16.9.3.LTS\lib\rtsv7M4_T_le_v4SPD16_eabi.lib
       memcpy_t2.obj                  156    0         0      
       autoinit.obj                   112    0         0      
       copy_decompress_lzss.obj       104    0         0      
       exit.obj                       84     0         12     
       boot.obj                       84     0         0      
       cpy_tbl.obj                    76     0         0      
       _lock.obj                      20     0         8      
       args_main.obj                  24     0         0      
       copy_decompress_none.obj       14     0         0      
       pre_init.obj                   4      0         0      
       stkdepth_vars.obj              0      0         4      
       mpu_init.obj                   2      0         0      
       startup.obj                    2      0         0      
    +--+------------------------------+------+---------+---------+
       Total:                         682    0         24     
                                                              
       Stack:                         0      0         100    
       Linker Generated:              0      33        0      
    +--+------------------------------+------+---------+---------+
       Grand Total:                   2904   1017      124    


LINKER GENERATED COPY TABLES

__TI_cinit_table @ 00000f54 records: 1, size/record: 8, table size: 8
	.data: load addr=00000f38, load size=00000011 bytes, run addr=20000064, run size=00000018 bytes, compression=lzss


LINKER GENERATED HANDLER TABLE

__TI_handler_table @ 00000f4c records: 2, size/record: 4, table size: 8
	index: 0, handler: __TI_decompress_lzss
	index: 1, handler: __TI_decompress_none


GLOBAL SYMBOLS: SORTED ALPHABETICALLY BY Name 

address   name                           
-------   ----                           
00000b21  ADCSequenceConfigure           
00000acd  C$$EXIT                        
00000d7f  CPUcpsie                       
00000c81  GPIODirModeSet                 
00000565  GPIOPadConfigSet               
00000bbd  GPIOPinConfigure               
00000ccd  GPIOPinTypeGPIOOutput          
00000d25  GPIOPinTypeUART                
00000db3  GPIOPinWrite                   
000009a9  IntEnable                      
00000d37  IntMasterEnable                
00000d8b  ResetISR                       
UNDEFED   SHT$$INIT_ARRAY$$Base          
UNDEFED   SHT$$INIT_ARRAY$$Limit         
00000699  SysCtlClockGet                 
000007a9  SysCtlClockSet                 
00000db9  SysCtlDelay                    
00000c4d  SysCtlPeripheralEnable         
00000d47  UARTCharGetNonBlocking         
00000d97  UARTCharPut                    
00000d55  UARTCharPutNonBlocking         
00000d63  UARTCharsAvail                 
00000c05  UARTConfigSetExpClk            
00000cad  UARTDisable                    
00000cfd  UARTEnable                     
00000dbf  UARTIntClear                   
00000dab  UARTIntEnable                  
0000026d  UARTIntHandler                 
00000da1  UARTIntStatus                  
20000064  __STACK_END                    
00000064  __STACK_SIZE                   
20000200  __STACK_TOP                    
00000f54  __TI_CINIT_Base                
00000f5c  __TI_CINIT_Limit               
00000f4c  __TI_Handler_Table_Base        
00000f54  __TI_Handler_Table_Limit       
00000939  __TI_auto_init                 
20000064  __TI_cleanup_ptr               
00000a11  __TI_decompress_lzss           
00000d71  __TI_decompress_none           
20000068  __TI_dtors_ptr                 
2000006c  __TI_enable_exit_profile_output
ffffffff  __TI_pprof_out_hndl            
ffffffff  __TI_prof_data_size            
ffffffff  __TI_prof_data_start           
00000000  __TI_static_base__             
0000089d  __aeabi_memcpy                 
0000089d  __aeabi_memcpy4                
0000089d  __aeabi_memcpy8                
ffffffff  __binit__                      
ffffffff  __c_args__                     
00000697  __mpu_init                     
20000000  __stack                        
00000ce5  _args_main                     
00000a79  _c_int00                       
20000070  _lock                          
00000d1f  _nop                           
00000d17  _register_lock                 
00000d11  _register_unlock               
00000c4b  _system_post_cinit             
00000dc3  _system_pre_init               
20000074  _unlock                        
00000ad1  abort                          
ffffffff  binit                          
00000b71  copy_in                        
00000ad9  exit                           
00000000  g_pfnVectors                   
00000409  main                           
20000078  main_func_sp                   
0000089d  memcpy                         


GLOBAL SYMBOLS: SORTED BY Symbol Address 

address   name                           
-------   ----                           
00000000  __TI_static_base__             
00000000  g_pfnVectors                   
00000064  __STACK_SIZE                   
0000026d  UARTIntHandler                 
00000409  main                           
00000565  GPIOPadConfigSet               
00000697  __mpu_init                     
00000699  SysCtlClockGet                 
000007a9  SysCtlClockSet                 
0000089d  __aeabi_memcpy                 
0000089d  __aeabi_memcpy4                
0000089d  __aeabi_memcpy8                
0000089d  memcpy                         
00000939  __TI_auto_init                 
000009a9  IntEnable                      
00000a11  __TI_decompress_lzss           
00000a79  _c_int00                       
00000acd  C$$EXIT                        
00000ad1  abort                          
00000ad9  exit                           
00000b21  ADCSequenceConfigure           
00000b71  copy_in                        
00000bbd  GPIOPinConfigure               
00000c05  UARTConfigSetExpClk            
00000c4b  _system_post_cinit             
00000c4d  SysCtlPeripheralEnable         
00000c81  GPIODirModeSet                 
00000cad  UARTDisable                    
00000ccd  GPIOPinTypeGPIOOutput          
00000ce5  _args_main                     
00000cfd  UARTEnable                     
00000d11  _register_unlock               
00000d17  _register_lock                 
00000d1f  _nop                           
00000d25  GPIOPinTypeUART                
00000d37  IntMasterEnable                
00000d47  UARTCharGetNonBlocking         
00000d55  UARTCharPutNonBlocking         
00000d63  UARTCharsAvail                 
00000d71  __TI_decompress_none           
00000d7f  CPUcpsie                       
00000d8b  ResetISR                       
00000d97  UARTCharPut                    
00000da1  UARTIntStatus                  
00000dab  UARTIntEnable                  
00000db3  GPIOPinWrite                   
00000db9  SysCtlDelay                    
00000dbf  UARTIntClear                   
00000dc3  _system_pre_init               
00000f4c  __TI_Handler_Table_Base        
00000f54  __TI_CINIT_Base                
00000f54  __TI_Handler_Table_Limit       
00000f5c  __TI_CINIT_Limit               
20000000  __stack                        
20000064  __STACK_END                    
20000064  __TI_cleanup_ptr               
20000068  __TI_dtors_ptr                 
2000006c  __TI_enable_exit_profile_output
20000070  _lock                          
20000074  _unlock                        
20000078  main_func_sp                   
20000200  __STACK_TOP                    
ffffffff  __TI_pprof_out_hndl            
ffffffff  __TI_prof_data_size            
ffffffff  __TI_prof_data_start           
ffffffff  __binit__                      
ffffffff  __c_args__                     
ffffffff  binit                          
UNDEFED   SHT$$INIT_ARRAY$$Base          
UNDEFED   SHT$$INIT_ARRAY$$Limit         

[70 symbols]
