******************************************************************************
                  TI ARM Linker PC v16.9.3                     
******************************************************************************
>> Linked Tue Oct 09 13:47:22 2018

OUTPUT FILE NAME:   <lab15.out>
ENTRY POINT SYMBOL: "_c_int00"  address: 00000689


MEMORY CONFIGURATION

         name            origin    length      used     unused   attr    fill
----------------------  --------  ---------  --------  --------  ----  --------
  FLASH                 00000000   00040000  0000088c  0003f774  R  X
  SRAM                  20000000   00008000  0000007c  00007f84  RW X


SEGMENT ALLOCATION MAP

run origin  load origin   length   init length attrs members
----------  ----------- ---------- ----------- ----- -------
00000000    00000000    0000088c   0000088c    r-x
  00000000    00000000    0000026c   0000026c    r-- .intvecs
  0000026c    0000026c    00000590   00000590    r-x .text
  000007fc    000007fc    0000006c   0000006c    r-- .const
  00000868    00000868    00000024   00000024    r-- .cinit
20000000    20000000    0000007c   00000000    rw-
  20000000    20000000    00000064   00000000    rw- .stack
  20000064    20000064    00000018   00000000    rw- .data


SECTION ALLOCATION MAP

 output                                  attributes/
section   page    origin      length       input sections
--------  ----  ----------  ----------   ----------------
.intvecs   0    00000000    0000026c     
                  00000000    0000026c     tm4c123gh6pm_startup_ccs.obj (.intvecs)

.text      0    0000026c    00000590     
                  0000026c    00000198     main.obj (.text)
                  00000404    00000110     driverlib.lib : sysctl.obj (.text:SysCtlClockGet)
                  00000514    0000009c     rtsv7M4_T_le_v4SPD16_eabi.lib : memcpy_t2.obj (.text)
                  000005b0    00000070                                   : autoinit.obj (.text)
                  00000620    00000068                                   : copy_decompress_lzss.obj (.text:decompress:lzss)
                  00000688    00000054                                   : boot.obj (.text)
                  000006dc    00000054                                   : exit.obj (.text)
                  00000730    0000004c                                   : cpy_tbl.obj (.text)
                  0000077c    00000022     driverlib.lib : pwm.obj (.text:PWMGenConfigure)
                  0000079e    00000002     rtsv7M4_T_le_v4SPD16_eabi.lib : mpu_init.obj (.text)
                  000007a0    00000018                                   : args_main.obj (.text)
                  000007b8    00000014                                   : _lock.obj (.text)
                  000007cc    00000010     driverlib.lib : pwm.obj (.text:PWMGenPeriodSet)
                  000007dc    0000000e     rtsv7M4_T_le_v4SPD16_eabi.lib : copy_decompress_none.obj (.text:decompress:none)
                  000007ea    0000000c     tm4c123gh6pm_startup_ccs.obj (.text)
                  000007f6    00000004     rtsv7M4_T_le_v4SPD16_eabi.lib : pre_init.obj (.text)
                  000007fa    00000002                                   : startup.obj (.text)

.const     0    000007fc    0000006c     
                  000007fc    0000006c     driverlib.lib : sysctl.obj (.const:g_pui32Xtals)

.cinit     0    00000868    00000024     
                  00000868    00000011     (.cinit..data.load) [load image, compression = lzss]
                  00000879    00000003     --HOLE-- [fill = 0]
                  0000087c    00000008     (__TI_handler_table)
                  00000884    00000008     (__TI_cinit_table)

.init_array 
*          0    00000000    00000000     UNINITIALIZED

.stack     0    20000000    00000064     UNINITIALIZED
                  20000000    00000064     --HOLE--

.data      0    20000064    00000018     UNINITIALIZED
                  20000064    0000000c     rtsv7M4_T_le_v4SPD16_eabi.lib : exit.obj (.data:$O1$$)
                  20000070    00000008                                   : _lock.obj (.data:$O1$$)
                  20000078    00000004                                   : stkdepth_vars.obj (.data)

MODULE SUMMARY

       Module                         code   ro data   rw data
       ------                         ----   -------   -------
    .\
       tm4c123gh6pm_startup_ccs.obj   12     620       0      
       main.obj                       408    0         0      
    +--+------------------------------+------+---------+---------+
       Total:                         420    620       0      
                                                              
    C:/ti/TivaWare_C_Series-2.1.4.178/driverlib/ccs/Debug/driverlib.lib
       sysctl.obj                     272    108       0      
       pwm.obj                        50     0         0      
    +--+------------------------------+------+---------+---------+
       Total:                         322    108       0      
                                                              
    C:\ti\ccsv7\tools\compiler\ti-cgt-arm_16.9.3.LTS\lib\rtsv7M4_T_le_v4SPD16_eabi.lib
       memcpy_t2.obj                  156    0         0      
       autoinit.obj                   112    0         0      
       copy_decompress_lzss.obj       104    0         0      
       exit.obj                       84     0         12     
       boot.obj                       84     0         0      
       cpy_tbl.obj                    76     0         0      
       _lock.obj                      20     0         8      
       args_main.obj                  24     0         0      
       copy_decompress_none.obj       14     0         0      
       pre_init.obj                   4      0         0      
       stkdepth_vars.obj              0      0         4      
       mpu_init.obj                   2      0         0      
       startup.obj                    2      0         0      
    +--+------------------------------+------+---------+---------+
       Total:                         682    0         24     
                                                              
       Stack:                         0      0         100    
       Linker Generated:              0      33        0      
    +--+------------------------------+------+---------+---------+
       Grand Total:                   1424   761       124    


LINKER GENERATED COPY TABLES

__TI_cinit_table @ 00000884 records: 1, size/record: 8, table size: 8
	.data: load addr=00000868, load size=00000011 bytes, run addr=20000064, run size=00000018 bytes, compression=lzss


LINKER GENERATED HANDLER TABLE

__TI_handler_table @ 0000087c records: 2, size/record: 4, table size: 8
	index: 0, handler: __TI_decompress_lzss
	index: 1, handler: __TI_decompress_none


GLOBAL SYMBOLS: SORTED ALPHABETICALLY BY Name 

address   name                           
-------   ----                           
000006dd  C$$EXIT                        
0000077d  PWMGenConfigure                
000007cd  PWMGenPeriodSet                
000007eb  ResetISR                       
UNDEFED   SHT$$INIT_ARRAY$$Base          
UNDEFED   SHT$$INIT_ARRAY$$Limit         
00000405  SysCtlClockGet                 
20000064  __STACK_END                    
00000064  __STACK_SIZE                   
20000200  __STACK_TOP                    
00000884  __TI_CINIT_Base                
0000088c  __TI_CINIT_Limit               
0000087c  __TI_Handler_Table_Base        
00000884  __TI_Handler_Table_Limit       
000005b1  __TI_auto_init                 
20000064  __TI_cleanup_ptr               
00000621  __TI_decompress_lzss           
000007dd  __TI_decompress_none           
20000068  __TI_dtors_ptr                 
2000006c  __TI_enable_exit_profile_output
ffffffff  __TI_pprof_out_hndl            
ffffffff  __TI_prof_data_size            
ffffffff  __TI_prof_data_start           
00000000  __TI_static_base__             
00000515  __aeabi_memcpy                 
00000515  __aeabi_memcpy4                
00000515  __aeabi_memcpy8                
ffffffff  __binit__                      
ffffffff  __c_args__                     
0000079f  __mpu_init                     
20000000  __stack                        
000007a1  _args_main                     
00000689  _c_int00                       
20000070  _lock                          
000007c7  _nop                           
000007bf  _register_lock                 
000007b9  _register_unlock               
000007fb  _system_post_cinit             
000007f7  _system_pre_init               
20000074  _unlock                        
000006e1  abort                          
ffffffff  binit                          
00000731  copy_in                        
000006e9  exit                           
00000000  g_pfnVectors                   
0000026d  main                           
20000078  main_func_sp                   
00000515  memcpy                         


GLOBAL SYMBOLS: SORTED BY Symbol Address 

address   name                           
-------   ----                           
00000000  __TI_static_base__             
00000000  g_pfnVectors                   
00000064  __STACK_SIZE                   
0000026d  main                           
00000405  SysCtlClockGet                 
00000515  __aeabi_memcpy                 
00000515  __aeabi_memcpy4                
00000515  __aeabi_memcpy8                
00000515  memcpy                         
000005b1  __TI_auto_init                 
00000621  __TI_decompress_lzss           
00000689  _c_int00                       
000006dd  C$$EXIT                        
000006e1  abort                          
000006e9  exit                           
00000731  copy_in                        
0000077d  PWMGenConfigure                
0000079f  __mpu_init                     
000007a1  _args_main                     
000007b9  _register_unlock               
000007bf  _register_lock                 
000007c7  _nop                           
000007cd  PWMGenPeriodSet                
000007dd  __TI_decompress_none           
000007eb  ResetISR                       
000007f7  _system_pre_init               
000007fb  _system_post_cinit             
0000087c  __TI_Handler_Table_Base        
00000884  __TI_CINIT_Base                
00000884  __TI_Handler_Table_Limit       
0000088c  __TI_CINIT_Limit               
20000000  __stack                        
20000064  __STACK_END                    
20000064  __TI_cleanup_ptr               
20000068  __TI_dtors_ptr                 
2000006c  __TI_enable_exit_profile_output
20000070  _lock                          
20000074  _unlock                        
20000078  main_func_sp                   
20000200  __STACK_TOP                    
ffffffff  __TI_pprof_out_hndl            
ffffffff  __TI_prof_data_size            
ffffffff  __TI_prof_data_start           
ffffffff  __binit__                      
ffffffff  __c_args__                     
ffffffff  binit                          
UNDEFED   SHT$$INIT_ARRAY$$Base          
UNDEFED   SHT$$INIT_ARRAY$$Limit         

[48 symbols]
