******************************************************************************
                  TI ARM Linker PC v16.9.3                     
******************************************************************************
>> Linked Thu Oct 04 21:22:31 2018

OUTPUT FILE NAME:   <lab4.out>
ENTRY POINT SYMBOL: "_c_int00"  address: 0000098d


MEMORY CONFIGURATION

         name            origin    length      used     unused   attr    fill
----------------------  --------  ---------  --------  --------  ----  --------
  FLASH                 00000000   00040000  00000ce2  0003f31e  R  X
  SRAM                  20000000   00008000  0000007c  00007f84  RW X


SEGMENT ALLOCATION MAP

run origin  load origin   length   init length attrs members
----------  ----------- ---------- ----------- ----- -------
00000000    00000000    00000ce4   00000ce4    r-x
  00000000    00000000    0000026c   0000026c    r-- .intvecs
  0000026c    0000026c    00000976   00000976    r-x .text
  00000be4    00000be4    000000dc   000000dc    r-- .const
  00000cc0    00000cc0    00000024   00000024    r-- .cinit
20000000    20000000    0000007c   00000000    rw-
  20000000    20000000    00000064   00000000    rw- .stack
  20000064    20000064    00000018   00000000    rw- .data


SECTION ALLOCATION MAP

 output                                  attributes/
section   page    origin      length       input sections
--------  ----  ----------  ----------   ----------------
.intvecs   0    00000000    0000026c     
                  00000000    0000026c     tm4c123gh6pm_startup_ccs.obj (.intvecs)

.text      0    0000026c    00000976     
                  0000026c    00000154     Lab04_Task1.obj (.text)
                  000003c0    00000132     driverlib.lib : gpio.obj (.text:GPIOPadConfigSet)
                  000004f2    00000002     rtsv7M4_T_le_v4SPD16_eabi.lib : mpu_init.obj (.text)
                  000004f4    00000110     driverlib.lib : sysctl.obj (.text:SysCtlClockGet)
                  00000604    000000f4                   : sysctl.obj (.text:SysCtlClockSet)
                  000006f8    0000009c     rtsv7M4_T_le_v4SPD16_eabi.lib : memcpy_t2.obj (.text)
                  00000794    00000070                                   : autoinit.obj (.text)
                  00000804    00000068     driverlib.lib : interrupt.obj (.text:IntEnable)
                  0000086c    00000068     rtsv7M4_T_le_v4SPD16_eabi.lib : copy_decompress_lzss.obj (.text:decompress:lzss)
                  000008d4    00000060     driverlib.lib : timer.obj (.text:TimerConfigure)
                  00000934    00000056                   : gpio.obj (.text:GPIOIntTypeSet)
                  0000098a    00000002     rtsv7M4_T_le_v4SPD16_eabi.lib : startup.obj (.text)
                  0000098c    00000054                                   : boot.obj (.text)
                  000009e0    00000054                                   : exit.obj (.text)
                  00000a34    0000004c                                   : cpy_tbl.obj (.text)
                  00000a80    00000034     driverlib.lib : sysctl.obj (.text:SysCtlPeripheralEnable)
                  00000ab4    0000002a                   : gpio.obj (.text:GPIODirModeSet)
                  00000ade    00000018                   : gpio.obj (.text:GPIOPinTypeGPIOOutput)
                  00000af6    00000002     --HOLE-- [fill = 0]
                  00000af8    00000018                   : timer.obj (.text:TimerDisable)
                  00000b10    00000018     rtsv7M4_T_le_v4SPD16_eabi.lib : args_main.obj (.text)
                  00000b28    00000014                                   : _lock.obj (.text)
                  00000b3c    00000012     driverlib.lib : gpio.obj (.text:GPIOPinTypeGPIOInput)
                  00000b4e    00000012                   : timer.obj (.text:TimerLoadSet)
                  00000b60    00000010                   : interrupt.obj (.text:IntMasterEnable)
                  00000b70    0000000e                   : timer.obj (.text:TimerEnable)
                  00000b7e    0000000e     rtsv7M4_T_le_v4SPD16_eabi.lib : copy_decompress_none.obj (.text:decompress:none)
                  00000b8c    0000000c     driverlib.lib : cpu.obj (.text:CPUcpsie)
                  00000b98    0000000c                   : gpio.obj (.text:GPIOIntEnable)
                  00000ba4    0000000c     tm4c123gh6pm_startup_ccs.obj (.text)
                  00000bb0    0000000a     driverlib.lib : timer.obj (.text:TimerIntDisable)
                  00000bba    00000008                   : timer.obj (.text:TimerIntEnable)
                  00000bc2    00000006                   : gpio.obj (.text:GPIOIntClear)
                  00000bc8    00000006                   : gpio.obj (.text:GPIOPinRead)
                  00000bce    00000006                   : gpio.obj (.text:GPIOPinWrite)
                  00000bd4    00000006                   : sysctl.obj (.text:SysCtlDelay)
                  00000bda    00000004                   : timer.obj (.text:TimerIntClear)
                  00000bde    00000004     rtsv7M4_T_le_v4SPD16_eabi.lib : pre_init.obj (.text)

.const     0    00000be4    000000dc     
                  00000be4    00000070     driverlib.lib : interrupt.obj (.const)
                  00000c54    0000006c                   : sysctl.obj (.const:g_pui32Xtals)

.cinit     0    00000cc0    00000024     
                  00000cc0    00000011     (.cinit..data.load) [load image, compression = lzss]
                  00000cd1    00000003     --HOLE-- [fill = 0]
                  00000cd4    00000008     (__TI_handler_table)
                  00000cdc    00000008     (__TI_cinit_table)

.init_array 
*          0    00000000    00000000     UNINITIALIZED

.stack     0    20000000    00000064     UNINITIALIZED
                  20000000    00000064     --HOLE--

.data      0    20000064    00000018     UNINITIALIZED
                  20000064    0000000c     rtsv7M4_T_le_v4SPD16_eabi.lib : exit.obj (.data:$O1$$)
                  20000070    00000008                                   : _lock.obj (.data:$O1$$)
                  20000078    00000004                                   : stkdepth_vars.obj (.data)

MODULE SUMMARY

       Module                         code   ro data   rw data
       ------                         ----   -------   -------
    .\
       tm4c123gh6pm_startup_ccs.obj   12     620       0      
       Lab04_Task1.obj                340    0         0      
    +--+------------------------------+------+---------+---------+
       Total:                         352    620       0      
                                                              
    C:/ti/TivaWare_C_Series-2.1.4.178/driverlib/ccs/Debug/driverlib.lib
       sysctl.obj                     574    108       0      
       gpio.obj                       506    0         0      
       interrupt.obj                  120    112       0      
       timer.obj                      174    0         0      
       cpu.obj                        12     0         0      
    +--+------------------------------+------+---------+---------+
       Total:                         1386   220       0      
                                                              
    C:\ti\ccsv7\tools\compiler\ti-cgt-arm_16.9.3.LTS\lib\rtsv7M4_T_le_v4SPD16_eabi.lib
       memcpy_t2.obj                  156    0         0      
       autoinit.obj                   112    0         0      
       copy_decompress_lzss.obj       104    0         0      
       exit.obj                       84     0         12     
       boot.obj                       84     0         0      
       cpy_tbl.obj                    76     0         0      
       _lock.obj                      20     0         8      
       args_main.obj                  24     0         0      
       copy_decompress_none.obj       14     0         0      
       pre_init.obj                   4      0         0      
       stkdepth_vars.obj              0      0         4      
       mpu_init.obj                   2      0         0      
       startup.obj                    2      0         0      
    +--+------------------------------+------+---------+---------+
       Total:                         682    0         24     
                                                              
       Stack:                         0      0         100    
       Linker Generated:              0      33        0      
    +--+------------------------------+------+---------+---------+
       Grand Total:                   2420   873       124    


LINKER GENERATED COPY TABLES

__TI_cinit_table @ 00000cdc records: 1, size/record: 8, table size: 8
	.data: load addr=00000cc0, load size=00000011 bytes, run addr=20000064, run size=00000018 bytes, compression=lzss


LINKER GENERATED HANDLER TABLE

__TI_handler_table @ 00000cd4 records: 2, size/record: 4, table size: 8
	index: 0, handler: __TI_decompress_lzss
	index: 1, handler: __TI_decompress_none


GLOBAL SYMBOLS: SORTED ALPHABETICALLY BY Name 

address   name                           
-------   ----                           
000009e1  C$$EXIT                        
00000b8d  CPUcpsie                       
00000ab5  GPIODirModeSet                 
00000bc3  GPIOIntClear                   
00000b99  GPIOIntEnable                  
00000935  GPIOIntTypeSet                 
000003c1  GPIOPadConfigSet               
00000bc9  GPIOPinRead                    
00000b3d  GPIOPinTypeGPIOInput           
00000adf  GPIOPinTypeGPIOOutput          
00000bcf  GPIOPinWrite                   
00000805  IntEnable                      
00000b61  IntMasterEnable                
00000351  PortFPin0IntHandler            
00000ba5  ResetISR                       
UNDEFED   SHT$$INIT_ARRAY$$Base          
UNDEFED   SHT$$INIT_ARRAY$$Limit         
000004f5  SysCtlClockGet                 
00000605  SysCtlClockSet                 
00000bd5  SysCtlDelay                    
00000a81  SysCtlPeripheralEnable         
0000031f  Timer0IntHandler               
00000377  Timer1IntHandler               
000008d5  TimerConfigure                 
00000af9  TimerDisable                   
00000b71  TimerEnable                    
00000bdb  TimerIntClear                  
00000bb1  TimerIntDisable                
00000bbb  TimerIntEnable                 
00000b4f  TimerLoadSet                   
20000064  __STACK_END                    
00000064  __STACK_SIZE                   
20000200  __STACK_TOP                    
00000cdc  __TI_CINIT_Base                
00000ce4  __TI_CINIT_Limit               
00000cd4  __TI_Handler_Table_Base        
00000cdc  __TI_Handler_Table_Limit       
00000795  __TI_auto_init                 
20000064  __TI_cleanup_ptr               
0000086d  __TI_decompress_lzss           
00000b7f  __TI_decompress_none           
20000068  __TI_dtors_ptr                 
2000006c  __TI_enable_exit_profile_output
ffffffff  __TI_pprof_out_hndl            
ffffffff  __TI_prof_data_size            
ffffffff  __TI_prof_data_start           
00000000  __TI_static_base__             
000006f9  __aeabi_memcpy                 
000006f9  __aeabi_memcpy4                
000006f9  __aeabi_memcpy8                
ffffffff  __binit__                      
ffffffff  __c_args__                     
000004f3  __mpu_init                     
20000000  __stack                        
00000b11  _args_main                     
0000098d  _c_int00                       
20000070  _lock                          
00000b37  _nop                           
00000b2f  _register_lock                 
00000b29  _register_unlock               
0000098b  _system_post_cinit             
00000bdf  _system_pre_init               
20000074  _unlock                        
000009e5  abort                          
ffffffff  binit                          
00000a35  copy_in                        
000009ed  exit                           
00000000  g_pfnVectors                   
0000026d  main                           
20000078  main_func_sp                   
000006f9  memcpy                         


GLOBAL SYMBOLS: SORTED BY Symbol Address 

address   name                           
-------   ----                           
00000000  __TI_static_base__             
00000000  g_pfnVectors                   
00000064  __STACK_SIZE                   
0000026d  main                           
0000031f  Timer0IntHandler               
00000351  PortFPin0IntHandler            
00000377  Timer1IntHandler               
000003c1  GPIOPadConfigSet               
000004f3  __mpu_init                     
000004f5  SysCtlClockGet                 
00000605  SysCtlClockSet                 
000006f9  __aeabi_memcpy                 
000006f9  __aeabi_memcpy4                
000006f9  __aeabi_memcpy8                
000006f9  memcpy                         
00000795  __TI_auto_init                 
00000805  IntEnable                      
0000086d  __TI_decompress_lzss           
000008d5  TimerConfigure                 
00000935  GPIOIntTypeSet                 
0000098b  _system_post_cinit             
0000098d  _c_int00                       
000009e1  C$$EXIT                        
000009e5  abort                          
000009ed  exit                           
00000a35  copy_in                        
00000a81  SysCtlPeripheralEnable         
00000ab5  GPIODirModeSet                 
00000adf  GPIOPinTypeGPIOOutput          
00000af9  TimerDisable                   
00000b11  _args_main                     
00000b29  _register_unlock               
00000b2f  _register_lock                 
00000b37  _nop                           
00000b3d  GPIOPinTypeGPIOInput           
00000b4f  TimerLoadSet                   
00000b61  IntMasterEnable                
00000b71  TimerEnable                    
00000b7f  __TI_decompress_none           
00000b8d  CPUcpsie                       
00000b99  GPIOIntEnable                  
00000ba5  ResetISR                       
00000bb1  TimerIntDisable                
00000bbb  TimerIntEnable                 
00000bc3  GPIOIntClear                   
00000bc9  GPIOPinRead                    
00000bcf  GPIOPinWrite                   
00000bd5  SysCtlDelay                    
00000bdb  TimerIntClear                  
00000bdf  _system_pre_init               
00000cd4  __TI_Handler_Table_Base        
00000cdc  __TI_CINIT_Base                
00000cdc  __TI_Handler_Table_Limit       
00000ce4  __TI_CINIT_Limit               
20000000  __stack                        
20000064  __STACK_END                    
20000064  __TI_cleanup_ptr               
20000068  __TI_dtors_ptr                 
2000006c  __TI_enable_exit_profile_output
20000070  _lock                          
20000074  _unlock                        
20000078  main_func_sp                   
20000200  __STACK_TOP                    
ffffffff  __TI_pprof_out_hndl            
ffffffff  __TI_prof_data_size            
ffffffff  __TI_prof_data_start           
ffffffff  __binit__                      
ffffffff  __c_args__                     
ffffffff  binit                          
UNDEFED   SHT$$INIT_ARRAY$$Base          
UNDEFED   SHT$$INIT_ARRAY$$Limit         

[71 symbols]
